[33mThe plugin "vite-tsconfig-paths" is detected. Vite now supports tsconfig paths resolution natively via the [1mresolve.tsconfigPaths[22m option. You can remove the plugin and set [1mresolve.tsconfigPaths: true[22m in your Vite config instead.[39m
[33mThe plugin "vite-tsconfig-paths" is detected. Vite now supports tsconfig paths resolution natively via the [1mresolve.tsconfigPaths[22m option. You can remove the plugin and set [1mresolve.tsconfigPaths: true[22m in your Vite config instead.[39m
[33mThe plugin "vite-tsconfig-paths" is detected. Vite now supports tsconfig paths resolution natively via the [1mresolve.tsconfigPaths[22m option. You can remove the plugin and set [1mresolve.tsconfigPaths: true[22m in your Vite config instead.[39m
[33mThe plugin "vite-tsconfig-paths" is detected. Vite now supports tsconfig paths resolution natively via the [1mresolve.tsconfigPaths[22m option. You can remove the plugin and set [1mresolve.tsconfigPaths: true[22m in your Vite config instead.[39m
[33mThe plugin "vite-tsconfig-paths" is detected. Vite now supports tsconfig paths resolution natively via the [1mresolve.tsconfigPaths[22m option. You can remove the plugin and set [1mresolve.tsconfigPaths: true[22m in your Vite config instead.[39m
[2m2:10:46 AM[22m [33m[1m[vite][22m[39m [33m[2m(client)[22m[39m [2m[console.warn] [22m[2026-08-10T19:10:46.919Z]  @firebase/analytics: Failed to fetch this Firebase app's measurement ID from the server. Falling back to the measurement ID G-HGVH42V8DL provided in the "measurementId" field in the local Firebase config. [Failed to fetch]
[2m2:10:57 AM[22m [31m[1m[vite][22m[39m [31m[2m(client)[22m[39m [2m[console.error] [22m[2026-08-10T19:10:57.024Z]  @firebase/firestore: Firestore (12.17.0): Could not reach Cloud Firestore backend. Backend didn't respond within 10 seconds.
This typically indicates that your device does not have a healthy Internet connection at the moment. The client will operate in offline mode until it is able to successfully connect to the backend.
[2m2:10:57 AM[22m [31m[1m[vite][22m[39m [31m[2m(client)[22m[39m [2m[console.error] [22mFailed to load user profile (Firestore error): FirebaseError: Failed to get document because the client is offline.
[2m2:11:14 AM[22m [33m[1m[vite][22m[39m [33m[2m(client)[22m[39m [2m[console.warn] [22m[2026-08-10T19:11:14.980Z]  @firebase/firestore: Firestore (12.17.0): WebChannelConnection RPC 'Listen' stream 0x744fe437 transport errored. Name: undefined Message: undefined
[2m2:46:57 AM[22m [31m[1m[vite][22m[39m [31m[2m(client)[22m[39m [2m[console.error] [22mGoogle popup error: FirebaseError: Firebase: Error (auth/popup-closed-by-user).
    at createErrorInternal (http://localhost:8081/node_modules/.vite/deps/firebase_auth.js?v=1f0c0f5b:435:35)
    at _createError (http://localhost:8081/node_modules/.vite/deps/firebase_auth.js?v=1f0c0f5b:411:9)
    at http://localhost:8081/node_modules/.vite/deps/firebase_auth.js?v=1f0c0f5b:8029:18
[2m2:46:57 AM[22m [31m[1m[vite][22m[39m [31m[2m(client)[22m[39m [2m[console.error] [22m🔴 Auth Google error: FirebaseError: Firebase: Error (auth/popup-closed-by-user).
    at createErrorInternal (http://localhost:8081/node_modules/.vite/deps/firebase_auth.js?v=1f0c0f5b:435:35)
    at _createError (http://localhost:8081/node_modules/.vite/deps/firebase_auth.js?v=1f0c0f5b:411:9)
    at http://localhost:8081/node_modules/.vite/deps/firebase_auth.js?v=1f0c0f5b:8029:18
[2m2:48:00 AM[22m [31m[1m[vite][22m[39m [31m[2m(client)[22m[39m [2m[console.error] [22mGoogle popup error: FirebaseError: Firebase: Error (auth/popup-closed-by-user).
    at createErrorInternal (http://localhost:8081/node_modules/.vite/deps/firebase_auth.js?v=1f0c0f5b:435:35)
    at _createError (http://localhost:8081/node_modules/.vite/deps/firebase_auth.js?v=1f0c0f5b:411:9)
    at http://localhost:8081/node_modules/.vite/deps/firebase_auth.js?v=1f0c0f5b:8029:18
[2m2:48:00 AM[22m [31m[1m[vite][22m[39m [31m[2m(client)[22m[39m [2m[console.error] [22m🔴 Auth Google error: FirebaseError: Firebase: Error (auth/popup-closed-by-user).
    at createErrorInternal (http://localhost:8081/node_modules/.vite/deps/firebase_auth.js?v=1f0c0f5b:435:35)
    at _createError (http://localhost:8081/node_modules/.vite/deps/firebase_auth.js?v=1f0c0f5b:411:9)
    at http://localhost:8081/node_modules/.vite/deps/firebase_auth.js?v=1f0c0f5b:8029:18
[2m3:25:59 AM[22m [31m[1m[vite][22m[39m [31m[2m(client)[22m[39m Pre-transform error: Failed to load url /src/lib/khmer-stroke-order.ts (resolved id: E:/AI/Antigravity/SalaKhmer/src/lib/khmer-stroke-order.ts) in E:/AI/Antigravity/SalaKhmer/src/components/StrokeOrderDrawing.tsx. Does the file exist?
[2m3:26:00 AM[22m [31m[1m[vite][22m[39m [31m[2m(client)[22m[39m [2m[console.error] [22m[vite] Failed to reload /src/components/StrokeOrderDrawing.tsx. This could be due to syntax errors or importing non-existent modules. (see errors above)
[2m3:26:00 AM[22m [31m[1m[vite][22m[39m [31m[2m(client)[22m[39m [2m[console.error] [22m[vite] Failed to reload /src/components/StrokeOrderDrawing.tsx. This could be due to syntax errors or importing non-existent modules. (see errors above)
[2m3:42:22 AM[22m [31m[1m[vite][22m[39m [31m[2m(client)[22m[39m [2m[console.error] [22mTypeError: Cannot read properties of undefined (reading 'map')
    at StrokeDirectionModel (http://localhost:8081/src/components/StrokeOrderDrawing.tsx?t=1786394541557:360:25)
    at Object.react_stack_bottom_frame (http://localhost:8081/node_modules/.vite/deps/react-dom_client.js?v=47e52d2d:12864:12)
    at renderWithHooks (http://localhost:8081/node_modules/.vite/deps/react-dom_client.js?v=47e52d2d:4211:19)
    at updateFunctionComponent (http://localhost:8081/node_modules/.vite/deps/react-dom_client.js?v=47e52d2d:5567:16)
    at beginWork (http://localhost:8081/node_modules/.vite/deps/react-dom_client.js?v=47e52d2d:6138:20)
    at runWithFiberInDEV (http://localhost:8081/node_modules/.vite/deps/react-dom_client.js?v=47e52d2d:850:66)
    at performUnitOfWork (http://localhost:8081/node_modules/.vite/deps/react-dom_client.js?v=47e52d2d:8427:92)
    at workLoopSync (http://localhost:8081/node_modules/.vite/deps/react-dom_client.js?v=47e52d2d:8323:37)
    at renderRootSync (http://localhost:8081/node_modules/.vite/deps/react-dom_client.js?v=47e52d2d:8307:6)
    at performWorkOnRoot (http://localhost:8081/node_modules/.vite/deps/react-dom_client.js?v=47e52d2d:7955:181)
[2m3:42:22 AM[22m [31m[1m[vite][22m[39m [31m[2m(client)[22m[39m [2m[console.error] [22mTypeError: Cannot read properties of undefined (reading 'map')
    at StrokeDirectionModel (http://localhost:8081/src/components/StrokeOrderDrawing.tsx?t=1786394541557:360:25)
    at Object.react_stack_bottom_frame (http://localhost:8081/node_modules/.vite/deps/react-dom_client.js?v=47e52d2d:12864:12)
    at renderWithHooks (http://localhost:8081/node_modules/.vite/deps/react-dom_client.js?v=47e52d2d:4211:19)
    at updateFunctionComponent (http://localhost:8081/node_modules/.vite/deps/react-dom_client.js?v=47e52d2d:5567:16)
    at beginWork (http://localhost:8081/node_modules/.vite/deps/react-dom_client.js?v=47e52d2d:6138:20)
    at runWithFiberInDEV (http://localhost:8081/node_modules/.vite/deps/react-dom_client.js?v=47e52d2d:850:66)
    at performUnitOfWork (http://localhost:8081/node_modules/.vite/deps/react-dom_client.js?v=47e52d2d:8427:92)
    at workLoopSync (http://localhost:8081/node_modules/.vite/deps/react-dom_client.js?v=47e52d2d:8323:37)
    at renderRootSync (http://localhost:8081/node_modules/.vite/deps/react-dom_client.js?v=47e52d2d:8307:6)
    at performWorkOnRoot (http://localhost:8081/node_modules/.vite/deps/react-dom_client.js?v=47e52d2d:7955:181)
[2m3:42:22 AM[22m [31m[1m[vite][22m[39m [31m[2m(client)[22m[39m [2m[console.error] [22mTypeError: Cannot read properties of undefined (reading 'map')
    at StrokeDirectionModel (http://localhost:8081/src/components/StrokeOrderDrawing.tsx?t=1786394541557:360:25)
    at Object.react_stack_bottom_frame (http://localhost:8081/node_modules/.vite/deps/react-dom_client.js?v=47e52d2d:12864:12)
    at renderWithHooks (http://localhost:8081/node_modules/.vite/deps/react-dom_client.js?v=47e52d2d:4211:19)
    at updateFunctionComponent (http://localhost:8081/node_modules/.vite/deps/react-dom_client.js?v=47e52d2d:5567:16)
    at beginWork (http://localhost:8081/node_modules/.vite/deps/react-dom_client.js?v=47e52d2d:6138:20)
    at runWithFiberInDEV (http://localhost:8081/node_modules/.vite/deps/react-dom_client.js?v=47e52d2d:850:66)
    at performUnitOfWork (http://localhost:8081/node_modules/.vite/deps/react-dom_client.js?v=47e52d2d:8427:92)
    at workLoopSync (http://localhost:8081/node_modules/.vite/deps/react-dom_client.js?v=47e52d2d:8323:37)
    at renderRootSync (http://localhost:8081/node_modules/.vite/deps/react-dom_client.js?v=47e52d2d:8307:6)
    at performWorkOnRoot (http://localhost:8081/node_modules/.vite/deps/react-dom_client.js?v=47e52d2d:7992:27)
[2m3:42:22 AM[22m [31m[1m[vite][22m[39m [31m[2m(client)[22m[39m [2m[console.error] [22mTypeError: Cannot read properties of undefined (reading 'map')
    at StrokeDirectionModel (http://localhost:8081/src/components/StrokeOrderDrawing.tsx?t=1786394541557:360:25)
    at Object.react_stack_bottom_frame (http://localhost:8081/node_modules/.vite/deps/react-dom_client.js?v=47e52d2d:12864:12)
    at renderWithHooks (http://localhost:8081/node_modules/.vite/deps/react-dom_client.js?v=47e52d2d:4211:19)
    at updateFunctionComponent (http://localhost:8081/node_modules/.vite/deps/react-dom_client.js?v=47e52d2d:5567:16)
    at beginWork (http://localhost:8081/node_modules/.vite/deps/react-dom_client.js?v=47e52d2d:6138:20)
    at runWithFiberInDEV (http://localhost:8081/node_modules/.vite/deps/react-dom_client.js?v=47e52d2d:850:66)
    at performUnitOfWork (http://localhost:8081/node_modules/.vite/deps/react-dom_client.js?v=47e52d2d:8427:92)
    at workLoopSync (http://localhost:8081/node_modules/.vite/deps/react-dom_client.js?v=47e52d2d:8323:37)
    at renderRootSync (http://localhost:8081/node_modules/.vite/deps/react-dom_client.js?v=47e52d2d:8307:6)
    at performWorkOnRoot (http://localhost:8081/node_modules/.vite/deps/react-dom_client.js?v=47e52d2d:7992:27)
[2m3:42:22 AM[22m [31m[1m[vite][22m[39m [31m[2m(client)[22m[39m [2m[console.error] [22mTypeError: Cannot read properties of undefined (reading 'map')
    at StrokeDirectionModel (http://localhost:8081/src/components/StrokeOrderDrawing.tsx?t=1786394541557:360:25)
    at Object.react_stack_bottom_frame (http://localhost:8081/node_modules/.vite/deps/react-dom_client.js?v=47e52d2d:12864:12)
    at renderWithHooks (http://localhost:8081/node_modules/.vite/deps/react-dom_client.js?v=47e52d2d:4211:19)
    at updateFunctionComponent (http://localhost:8081/node_modules/.vite/deps/react-dom_client.js?v=47e52d2d:5567:16)
    at beginWork (http://localhost:8081/node_modules/.vite/deps/react-dom_client.js?v=47e52d2d:6138:20)
    at runWithFiberInDEV (http://localhost:8081/node_modules/.vite/deps/react-dom_client.js?v=47e52d2d:850:66)
    at performUnitOfWork (http://localhost:8081/node_modules/.vite/deps/react-dom_client.js?v=47e52d2d:8427:92)
    at workLoopSync (http://localhost:8081/node_modules/.vite/deps/react-dom_client.js?v=47e52d2d:8323:37)
    at renderRootSync (http://localhost:8081/node_modules/.vite/deps/react-dom_client.js?v=47e52d2d:8307:6)
    at performWorkOnRoot (http://localhost:8081/node_modules/.vite/deps/react-dom_client.js?v=47e52d2d:7992:27)

The above error occurred in the <StrokeDirectionModel> component.

React will try to recreate this component tree from scratch using the error boundary you provided, CatchBoundaryImpl.

[2m3:42:22 AM[22m [33m[1m[vite][22m[39m [33m[2m(client)[22m[39m [2m[console.warn] [22mWarning: Error in route match: __root__/
[2m4:46:50 AM[22m [31m[1m[vite][22m[39m [31m[2m(client)[22m[39m [2m[console.error] [22m[vite] SyntaxError: The requested module '/src/lib/khmer-stroke-order.ts?t=1786398410209' does not provide an export named 'KHMER_CONSONANT_DIRECTION_DRAFTS'
[2m4:46:50 AM[22m [31m[1m[vite][22m[39m [31m[2m(client)[22m[39m [2m[console.error] [22m[vite] Failed to reload /src/components/StrokeOrderDrawing.tsx. This could be due to syntax errors or importing non-existent modules. (see errors above)
[2m4:50:43 AM[22m [31m[1m[vite][22m[39m [31m[2m(client)[22m[39m [2m[console.error] [22mRead & Spell Azure audio is unavailable: Error: Audio stopped
    at stopKhmerAudio (http://localhost:8081/src/lib/audioService.ts?t=1786395327644:8:23)
    at http://localhost:8081/src/lib/audioService.ts?t=1786395327644:21:3
    at new Promise (<anonymous>)
    at playAudioUrl (http://localhost:8081/src/lib/audioService.ts?t=1786395327644:17:9)
    at playKhmerAudio (http://localhost:8081/src/lib/audioService.ts?t=1786395327644:114:10)
    at playWord (http://localhost:8081/src/routes/read-spell.$topicId.tsx?t=1786395329327&tsr-split=component:57:10)
    at onPlay (http://localhost:8081/src/routes/read-spell.$topicId.tsx?t=1786395329327&tsr-split=component:264:22)
    at executeDispatch (http://localhost:8081/node_modules/.vite/deps/react-dom_client.js?v=47e52d2d:9139:5)
    at runWithFiberInDEV (http://localhost:8081/node_modules/.vite/deps/react-dom_client.js?v=47e52d2d:850:66)
    at processDispatchQueue (http://localhost:8081/node_modules/.vite/deps/react-dom_client.js?v=47e52d2d:9165:27)
[2m4:50:43 AM[22m [31m[1m[vite][22m[39m [31m[2m(client)[22m[39m [2m[console.error] [22mRead & Spell Azure audio is unavailable: Error: Audio stopped
    at stopKhmerAudio (http://localhost:8081/src/lib/audioService.ts?t=1786395327644:8:23)
    at http://localhost:8081/src/lib/audioService.ts?t=1786395327644:21:3
    at new Promise (<anonymous>)
    at playAudioUrl (http://localhost:8081/src/lib/audioService.ts?t=1786395327644:17:9)
    at playKhmerAudio (http://localhost:8081/src/lib/audioService.ts?t=1786395327644:114:10)
    at playWord (http://localhost:8081/src/routes/read-spell.$topicId.tsx?t=1786395329327&tsr-split=component:57:10)
    at onPlay (http://localhost:8081/src/routes/read-spell.$topicId.tsx?t=1786395329327&tsr-split=component:264:22)
    at executeDispatch (http://localhost:8081/node_modules/.vite/deps/react-dom_client.js?v=47e52d2d:9139:5)
    at runWithFiberInDEV (http://localhost:8081/node_modules/.vite/deps/react-dom_client.js?v=47e52d2d:850:66)
    at processDispatchQueue (http://localhost:8081/node_modules/.vite/deps/react-dom_client.js?v=47e52d2d:9165:27)
[2m4:50:43 AM[22m [31m[1m[vite][22m[39m [31m[2m(client)[22m[39m [2m[console.error] [22mRead & Spell Azure audio is unavailable: Error: Audio stopped
    at stopKhmerAudio (http://localhost:8081/src/lib/audioService.ts?t=1786395327644:8:23)
    at http://localhost:8081/src/lib/audioService.ts?t=1786395327644:21:3
    at new Promise (<anonymous>)
    at playAudioUrl (http://localhost:8081/src/lib/audioService.ts?t=1786395327644:17:9)
    at playKhmerAudio (http://localhost:8081/src/lib/audioService.ts?t=1786395327644:114:10)
    at playWord (http://localhost:8081/src/routes/read-spell.$topicId.tsx?t=1786395329327&tsr-split=component:57:10)
    at onPlay (http://localhost:8081/src/routes/read-spell.$topicId.tsx?t=1786395329327&tsr-split=component:264:22)
    at executeDispatch (http://localhost:8081/node_modules/.vite/deps/react-dom_client.js?v=47e52d2d:9139:5)
    at runWithFiberInDEV (http://localhost:8081/node_modules/.vite/deps/react-dom_client.js?v=47e52d2d:850:66)
    at processDispatchQueue (http://localhost:8081/node_modules/.vite/deps/react-dom_client.js?v=47e52d2d:9165:27)
[2m4:50:43 AM[22m [31m[1m[vite][22m[39m [31m[2m(client)[22m[39m [2m[console.error] [22mRead & Spell Azure audio is unavailable: Error: Audio stopped
    at stopKhmerAudio (http://localhost:8081/src/lib/audioService.ts?t=1786395327644:8:23)
    at http://localhost:8081/src/lib/audioService.ts?t=1786395327644:21:3
    at new Promise (<anonymous>)
    at playAudioUrl (http://localhost:8081/src/lib/audioService.ts?t=1786395327644:17:9)
    at playKhmerAudio (http://localhost:8081/src/lib/audioService.ts?t=1786395327644:114:10)
    at playWord (http://localhost:8081/src/routes/read-spell.$topicId.tsx?t=1786395329327&tsr-split=component:57:10)
    at onPlay (http://localhost:8081/src/routes/read-spell.$topicId.tsx?t=1786395329327&tsr-split=component:264:22)
    at executeDispatch (http://localhost:8081/node_modules/.vite/deps/react-dom_client.js?v=47e52d2d:9139:5)
    at runWithFiberInDEV (http://localhost:8081/node_modules/.vite/deps/react-dom_client.js?v=47e52d2d:850:66)
    at processDispatchQueue (http://localhost:8081/node_modules/.vite/deps/react-dom_client.js?v=47e52d2d:9165:27)
[2m4:50:44 AM[22m [31m[1m[vite][22m[39m [31m[2m(client)[22m[39m [2m[console.error] [22mRead & Spell Azure audio is unavailable: Error: Audio stopped
    at stopKhmerAudio (http://localhost:8081/src/lib/audioService.ts?t=1786395327644:8:23)
    at http://localhost:8081/src/lib/audioService.ts?t=1786395327644:21:3
    at new Promise (<anonymous>)
    at playAudioUrl (http://localhost:8081/src/lib/audioService.ts?t=1786395327644:17:9)
    at playKhmerAudio (http://localhost:8081/src/lib/audioService.ts?t=1786395327644:114:10)
    at playWord (http://localhost:8081/src/routes/read-spell.$topicId.tsx?t=1786395329327&tsr-split=component:57:10)
    at onPlay (http://localhost:8081/src/routes/read-spell.$topicId.tsx?t=1786395329327&tsr-split=component:264:22)
    at executeDispatch (http://localhost:8081/node_modules/.vite/deps/react-dom_client.js?v=47e52d2d:9139:5)
    at runWithFiberInDEV (http://localhost:8081/node_modules/.vite/deps/react-dom_client.js?v=47e52d2d:850:66)
    at processDispatchQueue (http://localhost:8081/node_modules/.vite/deps/react-dom_client.js?v=47e52d2d:9165:27)
[2m4:59:43 AM[22m [31m[1m[vite][22m[39m [31m[2m(client)[22m[39m [2m[console.error] [22mRead & Spell Azure audio is unavailable: Error: Unable to play audio: /audio/read-spell-v1/rs-family-004.mp3
    at audio.onerror (http://localhost:8081/src/lib/audioService.ts?t=1786398700276:37:32)
[2m4:59:45 AM[22m [31m[1m[vite][22m[39m [31m[2m(client)[22m[39m [2m[console.error] [22mRead & Spell Azure audio is unavailable: Error: Unable to play audio: /audio/read-spell-v1/rs-family-004.mp3
    at audio.onerror (http://localhost:8081/src/lib/audioService.ts?t=1786398700276:37:32)
[2m4:59:45 AM[22m [31m[1m[vite][22m[39m [31m[2m(client)[22m[39m [2m[console.error] [22mRead & Spell Azure audio is unavailable: Error: Unable to play audio: /audio/read-spell-v1/rs-family-004.mp3
    at audio.onerror (http://localhost:8081/src/lib/audioService.ts?t=1786398700276:37:32)
[2m4:59:45 AM[22m [31m[1m[vite][22m[39m [31m[2m(client)[22m[39m [2m[console.error] [22mRead & Spell Azure audio is unavailable: Error: Unable to play audio: /audio/read-spell-v1/rs-family-004.mp3
    at audio.onerror (http://localhost:8081/src/lib/audioService.ts?t=1786398700276:37:32)
[2m4:59:57 AM[22m [31m[1m[vite][22m[39m [31m[2m(client)[22m[39m [2m[console.error] [22mRead & Spell Azure audio is unavailable: Error: Unable to play audio: /audio/read-spell-v1/rs-family-005.mp3
    at audio.onerror (http://localhost:8081/src/lib/audioService.ts?t=1786398700276:37:32)
[2m5:00:00 AM[22m [31m[1m[vite][22m[39m [31m[2m(client)[22m[39m [2m[console.error] [22mRead & Spell Azure audio is unavailable: Error: Unable to play audio: /audio/read-spell-v1/rs-family-006.mp3
    at audio.onerror (http://localhost:8081/src/lib/audioService.ts?t=1786398700276:37:32)
[2m5:00:01 AM[22m [31m[1m[vite][22m[39m [31m[2m(client)[22m[39m [2m[console.error] [22mRead & Spell Azure audio is unavailable: Error: Unable to play audio: /audio/read-spell-v1/rs-family-006.mp3
    at audio.onerror (http://localhost:8081/src/lib/audioService.ts?t=1786398700276:37:32)
[2m5:00:02 AM[22m [31m[1m[vite][22m[39m [31m[2m(client)[22m[39m [2m[console.error] [22mRead & Spell Azure audio is unavailable: Error: Unable to play audio: /audio/read-spell-v1/rs-family-006.mp3
    at audio.onerror (http://localhost:8081/src/lib/audioService.ts?t=1786398700276:37:32)
[2m5:00:09 AM[22m [31m[1m[vite][22m[39m [31m[2m(client)[22m[39m [2m[console.error] [22mRead & Spell Azure audio is unavailable: Error: Unable to play audio: /audio/read-spell-v1/rs-drinks-001.mp3
    at audio.onerror (http://localhost:8081/src/lib/audioService.ts?t=1786398700276:37:32)
[2m5:00:10 AM[22m [31m[1m[vite][22m[39m [31m[2m(client)[22m[39m [2m[console.error] [22mRead & Spell Azure audio is unavailable: Error: Unable to play audio: /audio/read-spell-v1/rs-drinks-001.mp3
    at audio.onerror (http://localhost:8081/src/lib/audioService.ts?t=1786398700276:37:32)
[2m5:00:12 AM[22m [31m[1m[vite][22m[39m [31m[2m(client)[22m[39m [2m[console.error] [22mRead & Spell Azure audio is unavailable: Error: Unable to play audio: /audio/read-spell-v1/rs-drinks-002.mp3
    at audio.onerror (http://localhost:8081/src/lib/audioService.ts?t=1786398700276:37:32)
[2m5:00:12 AM[22m [31m[1m[vite][22m[39m [31m[2m(client)[22m[39m [2m[console.error] [22mRead & Spell Azure audio is unavailable: Error: Unable to play audio: /audio/read-spell-v1/rs-drinks-002.mp3
    at audio.onerror (http://localhost:8081/src/lib/audioService.ts?t=1786398700276:37:32)
[2m5:00:12 AM[22m [31m[1m[vite][22m[39m [31m[2m(client)[22m[39m [2m[console.error] [22mRead & Spell Azure audio is unavailable: Error: Unable to play audio: /audio/read-spell-v1/rs-drinks-002.mp3
    at audio.onerror (http://localhost:8081/src/lib/audioService.ts?t=1786398700276:37:32)
[2m5:00:14 AM[22m [31m[1m[vite][22m[39m [31m[2m(client)[22m[39m [2m[console.error] [22mRead & Spell Azure audio is unavailable: Error: Unable to play audio: /audio/read-spell-v1/rs-drinks-003.mp3
    at audio.onerror (http://localhost:8081/src/lib/audioService.ts?t=1786398700276:37:32)
[2m5:00:14 AM[22m [31m[1m[vite][22m[39m [31m[2m(client)[22m[39m [2m[console.error] [22mRead & Spell Azure audio is unavailable: Error: Unable to play audio: /audio/read-spell-v1/rs-drinks-003.mp3
    at audio.onerror (http://localhost:8081/src/lib/audioService.ts?t=1786398700276:37:32)
[2m5:00:14 AM[22m [31m[1m[vite][22m[39m [31m[2m(client)[22m[39m [2m[console.error] [22mRead & Spell Azure audio is unavailable: Error: Unable to play audio: /audio/read-spell-v1/rs-drinks-003.mp3
    at audio.onerror (http://localhost:8081/src/lib/audioService.ts?t=1786398700276:37:32)
[2m5:00:16 AM[22m [31m[1m[vite][22m[39m [31m[2m(client)[22m[39m [2m[console.error] [22mRead & Spell Azure audio is unavailable: Error: Unable to play audio: /audio/read-spell-v1/rs-drinks-004.mp3
    at audio.onerror (http://localhost:8081/src/lib/audioService.ts?t=1786398700276:37:32)
[2m5:00:16 AM[22m [31m[1m[vite][22m[39m [31m[2m(client)[22m[39m [2m[console.error] [22mRead & Spell Azure audio is unavailable: Error: Unable to play audio: /audio/read-spell-v1/rs-drinks-004.mp3
    at audio.onerror (http://localhost:8081/src/lib/audioService.ts?t=1786398700276:37:32)
[2m5:00:16 AM[22m [31m[1m[vite][22m[39m [31m[2m(client)[22m[39m [2m[console.error] [22mRead & Spell Azure audio is unavailable: Error: Unable to play audio: /audio/read-spell-v1/rs-drinks-004.mp3
    at audio.onerror (http://localhost:8081/src/lib/audioService.ts?t=1786398700276:37:32)
[2m5:00:17 AM[22m [31m[1m[vite][22m[39m [31m[2m(client)[22m[39m [2m[console.error] [22mRead & Spell Azure audio is unavailable: Error: Unable to play audio: /audio/read-spell-v1/rs-drinks-004.mp3
    at audio.onerror (http://localhost:8081/src/lib/audioService.ts?t=1786398700276:37:32)
[2m6:01:20 AM[22m [31m[1m[vite][22m[39m [31mInternal server error: Transform failed with 1 error:

[31m[PARSE_ERROR] [0mUnexpected token
    [38;5;246m╭[0m[38;5;246m─[0m[38;5;246m[[0m src/lib/i18n.tsx:74:1 [38;5;246m][0m
    [38;5;246m│[0m
 [38;5;246m74 │[0m }[38;5;249m [0m[38;5;249ma[0m[38;5;249ms[0m[38;5;249m [0m[38;5;249mc[0m[38;5;249mo[0m[38;5;249mn[0m[38;5;249ms[0m[38;5;249mt[0m[38;5;249m;[0m
 [38;5;240m   │[0m ┬  
 [38;5;240m   │[0m ╰── 
[38;5;246m────╯[0m
[39m
  Plugin: [35mvite:oxc[39m
  File: [36mE:/AI/Antigravity/SalaKhmer/src/lib/i18n.tsx[39m
      at transformWithOxc (file:///E:/AI/Antigravity/SalaKhmer/node_modules/vite/dist/node/chunks/node.js:4090:19)
      at TransformPluginContext.transform (file:///E:/AI/Antigravity/SalaKhmer/node_modules/vite/dist/node/chunks/node.js:4161:26)
      at EnvironmentPluginContainer.transform (file:///E:/AI/Antigravity/SalaKhmer/node_modules/vite/dist/node/chunks/node.js:30796:51)
      at async loadAndTransform (file:///E:/AI/Antigravity/SalaKhmer/node_modules/vite/dist/node/chunks/node.js:20594:26)
      at async viteTransformMiddleware (file:///E:/AI/Antigravity/SalaKhmer/node_modules/vite/dist/node/chunks/node.js:25092:20)
[2m6:01:20 AM[22m [31m[1m[vite][22m[39m [31m[2m(client)[22m[39m [2m[console.error] [22m[vite] Failed to reload /src/lib/i18n.tsx. This could be due to syntax errors or importing non-existent modules. (see errors above)
[2m6:01:36 AM[22m [31m[1m[vite][22m[39m [31mInternal server error: Transform failed with 1 error:

[31m[PARSE_ERROR] [0mUnexpected token
    [38;5;246m╭[0m[38;5;246m─[0m[38;5;246m[[0m src/lib/i18n.tsx:74:1 [38;5;246m][0m
    [38;5;246m│[0m
 [38;5;246m74 │[0m }[38;5;249m [0m[38;5;249ma[0m[38;5;249ms[0m[38;5;249m [0m[38;5;249mc[0m[38;5;249mo[0m[38;5;249mn[0m[38;5;249ms[0m[38;5;249mt[0m[38;5;249m;[0m
 [38;5;240m   │[0m ┬  
 [38;5;240m   │[0m ╰── 
[38;5;246m────╯[0m
[39m
  Plugin: [35mvite:oxc[39m
  File: [36mE:/AI/Antigravity/SalaKhmer/src/lib/i18n.tsx[39m
      at transformWithOxc (file:///E:/AI/Antigravity/SalaKhmer/node_modules/vite/dist/node/chunks/node.js:4090:19)
      at TransformPluginContext.transform (file:///E:/AI/Antigravity/SalaKhmer/node_modules/vite/dist/node/chunks/node.js:4161:26)
      at EnvironmentPluginContainer.transform (file:///E:/AI/Antigravity/SalaKhmer/node_modules/vite/dist/node/chunks/node.js:30796:51)
      at async loadAndTransform (file:///E:/AI/Antigravity/SalaKhmer/node_modules/vite/dist/node/chunks/node.js:20594:26)
      at async viteTransformMiddleware (file:///E:/AI/Antigravity/SalaKhmer/node_modules/vite/dist/node/chunks/node.js:25092:20)
[2m6:01:36 AM[22m [31m[1m[vite][22m[39m [31m[2m(client)[22m[39m [2m[console.error] [22m[vite] Failed to reload /src/lib/i18n.tsx. This could be due to syntax errors or importing non-existent modules. (see errors above)
[2m6:02:08 AM[22m [31m[1m[vite][22m[39m [31m[2m(client)[22m[39m [2m[console.error] [22m[vite] Failed to reload /src/components/LovableAppShell.tsx. This could be due to syntax errors or importing non-existent modules. (see errors above)
[2m6:02:08 AM[22m [31m[1m[vite][22m[39m [31m[2m(client)[22m[39m Pre-transform error: Transform failed with 1 error:

[31m[PARSE_ERROR] [0mUnexpected token
    [38;5;246m╭[0m[38;5;246m─[0m[38;5;246m[[0m src/lib/i18n.tsx:74:1 [38;5;246m][0m
    [38;5;246m│[0m
 [38;5;246m74 │[0m }[38;5;249m [0m[38;5;249ma[0m[38;5;249ms[0m[38;5;249m [0m[38;5;249mc[0m[38;5;249mo[0m[38;5;249mn[0m[38;5;249ms[0m[38;5;249mt[0m[38;5;249m;[0m
 [38;5;240m   │[0m ┬  
 [38;5;240m   │[0m ╰── 
[38;5;246m────╯[0m

  Plugin: [35mvite:oxc[39m
  File: [36mE:/AI/Antigravity/SalaKhmer/src/lib/i18n.tsx[39m
[2m6:02:34 AM[22m [31m[1m[vite][22m[39m [31m[2m(client)[22m[39m [2m[console.error] [22m[vite] Failed to reload /src/routes/home.tsx?tsr-split=component. This could be due to syntax errors or importing non-existent modules. (see errors above)
[2m6:03:20 AM[22m [31m[1m[vite][22m[39m [31m[2m(client)[22m[39m [2m[console.error] [22m[vite] Failed to reload /src/routes/category.$categoryId.tsx?tsr-split=component. This could be due to syntax errors or importing non-existent modules. (see errors above)
[2m6:03:20 AM[22m [31m[1m[vite][22m[39m [31m[2m(client)[22m[39m [2m[console.error] [22m[vite] Failed to reload /src/components/LovableAppShell.tsx. This could be due to syntax errors or importing non-existent modules. (see errors above)
[2m6:03:20 AM[22m [31m[1m[vite][22m[39m [31m[2m(client)[22m[39m Pre-transform error: Transform failed with 1 error:

[31m[PARSE_ERROR] [0mUnexpected token
    [38;5;246m╭[0m[38;5;246m─[0m[38;5;246m[[0m src/lib/i18n.tsx:74:1 [38;5;246m][0m
    [38;5;246m│[0m
 [38;5;246m74 │[0m }[38;5;249m [0m[38;5;249ma[0m[38;5;249ms[0m[38;5;249m [0m[38;5;249mc[0m[38;5;249mo[0m[38;5;249mn[0m[38;5;249ms[0m[38;5;249mt[0m[38;5;249m;[0m
 [38;5;240m   │[0m ┬  
 [38;5;240m   │[0m ╰── 
[38;5;246m────╯[0m

  Plugin: [35mvite:oxc[39m
  File: [36mE:/AI/Antigravity/SalaKhmer/src/lib/i18n.tsx[39m
[2m6:03:20 AM[22m [31m[1m[vite][22m[39m [31m[2m(client)[22m[39m [2m[console.error] [22m[vite] Failed to reload /src/components/LovableAppShell.tsx. This could be due to syntax errors or importing non-existent modules. (see errors above)
[2m6:03:20 AM[22m [31m[1m[vite][22m[39m [31m[2m(client)[22m[39m [2m[console.error] [22m[vite] Failed to reload /src/routes/category.$categoryId.tsx?tsr-split=component. This could be due to syntax errors or importing non-existent modules. (see errors above)
Error: Transform failed with 1 error:

[31m[PARSE_ERROR] [0mUnexpected token
    [38;5;246m╭[0m[38;5;246m─[0m[38;5;246m[[0m src/lib/i18n.tsx:74:1 [38;5;246m][0m
    [38;5;246m│[0m
 [38;5;246m74 │[0m }[38;5;249m [0m[38;5;249ma[0m[38;5;249ms[0m[38;5;249m [0m[38;5;249mc[0m[38;5;249mo[0m[38;5;249mn[0m[38;5;249ms[0m[38;5;249mt[0m[38;5;249m;[0m
 [38;5;240m   │[0m ┬  
 [38;5;240m   │[0m ╰── 
[38;5;246m────╯[0m

    at transformWithOxc (file:///E:/AI/Antigravity/SalaKhmer/node_modules/vite/dist/node/chunks/node.js:4090:19)
    at TransformPluginContext.transform (file:///E:/AI/Antigravity/SalaKhmer/node_modules/vite/dist/node/chunks/node.js:4161:26)
    at EnvironmentPluginContainer.transform (file:///E:/AI/Antigravity/SalaKhmer/node_modules/vite/dist/node/chunks/node.js:30796:51)
    at async loadAndTransform (file:///E:/AI/Antigravity/SalaKhmer/node_modules/vite/dist/node/chunks/node.js:20594:26)
    at async fetchModule (file:///E:/AI/Antigravity/SalaKhmer/node_modules/vite/dist/node/chunks/node.js:34192:15)
    at async handleInvoke (file:///E:/AI/Antigravity/SalaKhmer/node_modules/vite/dist/node/chunks/node.js:26766:21)
    at async EventEmitter.listenerForInvokeHandler (file:///E:/AI/Antigravity/SalaKhmer/node_modules/vite/dist/node/chunks/node.js:26821:13) (status 500)
caused by: Error: Transform failed with 1 error:

[31m[PARSE_ERROR] [0mUnexpected token
    [38;5;246m╭[0m[38;5;246m─[0m[38;5;246m[[0m src/lib/i18n.tsx:74:1 [38;5;246m][0m
    [38;5;246m│[0m
 [38;5;246m74 │[0m }[38;5;249m [0m[38;5;249ma[0m[38;5;249ms[0m[38;5;249m [0m[38;5;249mc[0m[38;5;249mo[0m[38;5;249mn[0m[38;5;249ms[0m[38;5;249mt[0m[38;5;249m;[0m
 [38;5;240m   │[0m ┬  
 [38;5;240m   │[0m ╰── 
[38;5;246m────╯[0m

    at transformWithOxc (file:///E:/AI/Antigravity/SalaKhmer/node_modules/vite/dist/node/chunks/node.js:4090:19)
    at TransformPluginContext.transform (file:///E:/AI/Antigravity/SalaKhmer/node_modules/vite/dist/node/chunks/node.js:4161:26)
    at EnvironmentPluginContainer.transform (file:///E:/AI/Antigravity/SalaKhmer/node_modules/vite/dist/node/chunks/node.js:30796:51)
    at async loadAndTransform (file:///E:/AI/Antigravity/SalaKhmer/node_modules/vite/dist/node/chunks/node.js:20594:26)
    at async fetchModule (file:///E:/AI/Antigravity/SalaKhmer/node_modules/vite/dist/node/chunks/node.js:34192:15)
    at async handleInvoke (file:///E:/AI/Antigravity/SalaKhmer/node_modules/vite/dist/node/chunks/node.js:26766:21)
    at async EventEmitter.listenerForInvokeHandler (file:///E:/AI/Antigravity/SalaKhmer/node_modules/vite/dist/node/chunks/node.js:26821:13)
Error: Transform failed with 1 error:

[31m[PARSE_ERROR] [0mUnexpected token
    [38;5;246m╭[0m[38;5;246m─[0m[38;5;246m[[0m src/lib/i18n.tsx:74:1 [38;5;246m][0m
    [38;5;246m│[0m
 [38;5;246m74 │[0m }[38;5;249m [0m[38;5;249ma[0m[38;5;249ms[0m[38;5;249m [0m[38;5;249mc[0m[38;5;249mo[0m[38;5;249mn[0m[38;5;249ms[0m[38;5;249mt[0m[38;5;249m;[0m
 [38;5;240m   │[0m ┬  
 [38;5;240m   │[0m ╰── 
[38;5;246m────╯[0m

    at transformWithOxc (file:///E:/AI/Antigravity/SalaKhmer/node_modules/vite/dist/node/chunks/node.js:4090:19)
    at TransformPluginContext.transform (file:///E:/AI/Antigravity/SalaKhmer/node_modules/vite/dist/node/chunks/node.js:4161:26)
    at EnvironmentPluginContainer.transform (file:///E:/AI/Antigravity/SalaKhmer/node_modules/vite/dist/node/chunks/node.js:30796:51)
    at async loadAndTransform (file:///E:/AI/Antigravity/SalaKhmer/node_modules/vite/dist/node/chunks/node.js:20594:26)
    at async fetchModule (file:///E:/AI/Antigravity/SalaKhmer/node_modules/vite/dist/node/chunks/node.js:34192:15)
    at async handleInvoke (file:///E:/AI/Antigravity/SalaKhmer/node_modules/vite/dist/node/chunks/node.js:26766:21)
    at async EventEmitter.listenerForInvokeHandler (file:///E:/AI/Antigravity/SalaKhmer/node_modules/vite/dist/node/chunks/node.js:26821:13) (status 500)
caused by: Error: Transform failed with 1 error:

[31m[PARSE_ERROR] [0mUnexpected token
    [38;5;246m╭[0m[38;5;246m─[0m[38;5;246m[[0m src/lib/i18n.tsx:74:1 [38;5;246m][0m
    [38;5;246m│[0m
 [38;5;246m74 │[0m }[38;5;249m [0m[38;5;249ma[0m[38;5;249ms[0m[38;5;249m [0m[38;5;249mc[0m[38;5;249mo[0m[38;5;249mn[0m[38;5;249ms[0m[38;5;249mt[0m[38;5;249m;[0m
 [38;5;240m   │[0m ┬  
 [38;5;240m   │[0m ╰── 
[38;5;246m────╯[0m

    at transformWithOxc (file:///E:/AI/Antigravity/SalaKhmer/node_modules/vite/dist/node/chunks/node.js:4090:19)
    at TransformPluginContext.transform (file:///E:/AI/Antigravity/SalaKhmer/node_modules/vite/dist/node/chunks/node.js:4161:26)
    at EnvironmentPluginContainer.transform (file:///E:/AI/Antigravity/SalaKhmer/node_modules/vite/dist/node/chunks/node.js:30796:51)
    at async loadAndTransform (file:///E:/AI/Antigravity/SalaKhmer/node_modules/vite/dist/node/chunks/node.js:20594:26)
    at async fetchModule (file:///E:/AI/Antigravity/SalaKhmer/node_modules/vite/dist/node/chunks/node.js:34192:15)
    at async handleInvoke (file:///E:/AI/Antigravity/SalaKhmer/node_modules/vite/dist/node/chunks/node.js:26766:21)
    at async EventEmitter.listenerForInvokeHandler (file:///E:/AI/Antigravity/SalaKhmer/node_modules/vite/dist/node/chunks/node.js:26821:13)
Error: Transform failed with 1 error:

[31m[PARSE_ERROR] [0mUnexpected token
    [38;5;246m╭[0m[38;5;246m─[0m[38;5;246m[[0m src/lib/i18n.tsx:74:1 [38;5;246m][0m
    [38;5;246m│[0m
 [38;5;246m74 │[0m }[38;5;249m [0m[38;5;249ma[0m[38;5;249ms[0m[38;5;249m [0m[38;5;249mc[0m[38;5;249mo[0m[38;5;249mn[0m[38;5;249ms[0m[38;5;249mt[0m[38;5;249m;[0m
 [38;5;240m   │[0m ┬  
 [38;5;240m   │[0m ╰── 
[38;5;246m────╯[0m

    at transformWithOxc (file:///E:/AI/Antigravity/SalaKhmer/node_modules/vite/dist/node/chunks/node.js:4090:19)
    at TransformPluginContext.transform (file:///E:/AI/Antigravity/SalaKhmer/node_modules/vite/dist/node/chunks/node.js:4161:26)
    at EnvironmentPluginContainer.transform (file:///E:/AI/Antigravity/SalaKhmer/node_modules/vite/dist/node/chunks/node.js:30796:51)
    at async loadAndTransform (file:///E:/AI/Antigravity/SalaKhmer/node_modules/vite/dist/node/chunks/node.js:20594:26)
    at async fetchModule (file:///E:/AI/Antigravity/SalaKhmer/node_modules/vite/dist/node/chunks/node.js:34192:15)
    at async handleInvoke (file:///E:/AI/Antigravity/SalaKhmer/node_modules/vite/dist/node/chunks/node.js:26766:21)
    at async EventEmitter.listenerForInvokeHandler (file:///E:/AI/Antigravity/SalaKhmer/node_modules/vite/dist/node/chunks/node.js:26821:13) (status 500)
caused by: Error: Transform failed with 1 error:

[31m[PARSE_ERROR] [0mUnexpected token
    [38;5;246m╭[0m[38;5;246m─[0m[38;5;246m[[0m src/lib/i18n.tsx:74:1 [38;5;246m][0m
    [38;5;246m│[0m
 [38;5;246m74 │[0m }[38;5;249m [0m[38;5;249ma[0m[38;5;249ms[0m[38;5;249m [0m[38;5;249mc[0m[38;5;249mo[0m[38;5;249mn[0m[38;5;249ms[0m[38;5;249mt[0m[38;5;249m;[0m
 [38;5;240m   │[0m ┬  
 [38;5;240m   │[0m ╰── 
[38;5;246m────╯[0m

    at transformWithOxc (file:///E:/AI/Antigravity/SalaKhmer/node_modules/vite/dist/node/chunks/node.js:4090:19)
    at TransformPluginContext.transform (file:///E:/AI/Antigravity/SalaKhmer/node_modules/vite/dist/node/chunks/node.js:4161:26)
    at EnvironmentPluginContainer.transform (file:///E:/AI/Antigravity/SalaKhmer/node_modules/vite/dist/node/chunks/node.js:30796:51)
    at async loadAndTransform (file:///E:/AI/Antigravity/SalaKhmer/node_modules/vite/dist/node/chunks/node.js:20594:26)
    at async fetchModule (file:///E:/AI/Antigravity/SalaKhmer/node_modules/vite/dist/node/chunks/node.js:34192:15)
    at async handleInvoke (file:///E:/AI/Antigravity/SalaKhmer/node_modules/vite/dist/node/chunks/node.js:26766:21)
    at async EventEmitter.listenerForInvokeHandler (file:///E:/AI/Antigravity/SalaKhmer/node_modules/vite/dist/node/chunks/node.js:26821:13)
Error: Transform failed with 1 error:

[31m[PARSE_ERROR] [0mUnexpected token
    [38;5;246m╭[0m[38;5;246m─[0m[38;5;246m[[0m src/lib/i18n.tsx:74:1 [38;5;246m][0m
    [38;5;246m│[0m
 [38;5;246m74 │[0m }[38;5;249m [0m[38;5;249ma[0m[38;5;249ms[0m[38;5;249m [0m[38;5;249mc[0m[38;5;249mo[0m[38;5;249mn[0m[38;5;249ms[0m[38;5;249mt[0m[38;5;249m;[0m
 [38;5;240m   │[0m ┬  
 [38;5;240m   │[0m ╰── 
[38;5;246m────╯[0m

    at transformWithOxc (file:///E:/AI/Antigravity/SalaKhmer/node_modules/vite/dist/node/chunks/node.js:4090:19)
    at TransformPluginContext.transform (file:///E:/AI/Antigravity/SalaKhmer/node_modules/vite/dist/node/chunks/node.js:4161:26)
    at EnvironmentPluginContainer.transform (file:///E:/AI/Antigravity/SalaKhmer/node_modules/vite/dist/node/chunks/node.js:30796:51)
    at async loadAndTransform (file:///E:/AI/Antigravity/SalaKhmer/node_modules/vite/dist/node/chunks/node.js:20594:26)
    at async fetchModule (file:///E:/AI/Antigravity/SalaKhmer/node_modules/vite/dist/node/chunks/node.js:34192:15)
    at async handleInvoke (file:///E:/AI/Antigravity/SalaKhmer/node_modules/vite/dist/node/chunks/node.js:26766:21)
    at async EventEmitter.listenerForInvokeHandler (file:///E:/AI/Antigravity/SalaKhmer/node_modules/vite/dist/node/chunks/node.js:26821:13) (status 500)
caused by: Error: Transform failed with 1 error:

[31m[PARSE_ERROR] [0mUnexpected token
    [38;5;246m╭[0m[38;5;246m─[0m[38;5;246m[[0m src/lib/i18n.tsx:74:1 [38;5;246m][0m
    [38;5;246m│[0m
 [38;5;246m74 │[0m }[38;5;249m [0m[38;5;249ma[0m[38;5;249ms[0m[38;5;249m [0m[38;5;249mc[0m[38;5;249mo[0m[38;5;249mn[0m[38;5;249ms[0m[38;5;249mt[0m[38;5;249m;[0m
 [38;5;240m   │[0m ┬  
 [38;5;240m   │[0m ╰── 
[38;5;246m────╯[0m

    at transformWithOxc (file:///E:/AI/Antigravity/SalaKhmer/node_modules/vite/dist/node/chunks/node.js:4090:19)
    at TransformPluginContext.transform (file:///E:/AI/Antigravity/SalaKhmer/node_modules/vite/dist/node/chunks/node.js:4161:26)
    at EnvironmentPluginContainer.transform (file:///E:/AI/Antigravity/SalaKhmer/node_modules/vite/dist/node/chunks/node.js:30796:51)
    at async loadAndTransform (file:///E:/AI/Antigravity/SalaKhmer/node_modules/vite/dist/node/chunks/node.js:20594:26)
    at async fetchModule (file:///E:/AI/Antigravity/SalaKhmer/node_modules/vite/dist/node/chunks/node.js:34192:15)
    at async handleInvoke (file:///E:/AI/Antigravity/SalaKhmer/node_modules/vite/dist/node/chunks/node.js:26766:21)
    at async EventEmitter.listenerForInvokeHandler (file:///E:/AI/Antigravity/SalaKhmer/node_modules/vite/dist/node/chunks/node.js:26821:13)
[2m6:03:21 AM[22m [31m[1m[vite][22m[39m [31m[2m(client)[22m[39m Pre-transform error: Transform failed with 1 error:

[31m[PARSE_ERROR] [0mUnexpected token
    [38;5;246m╭[0m[38;5;246m─[0m[38;5;246m[[0m src/lib/i18n.tsx:74:1 [38;5;246m][0m
    [38;5;246m│[0m
 [38;5;246m74 │[0m }[38;5;249m [0m[38;5;249ma[0m[38;5;249ms[0m[38;5;249m [0m[38;5;249mc[0m[38;5;249mo[0m[38;5;249mn[0m[38;5;249ms[0m[38;5;249mt[0m[38;5;249m;[0m
 [38;5;240m   │[0m ┬  
 [38;5;240m   │[0m ╰── 
[38;5;246m────╯[0m

  Plugin: [35mvite:oxc[39m
  File: [36mE:/AI/Antigravity/SalaKhmer/src/lib/i18n.tsx[39m
[2m6:03:21 AM[22m [31m[1m[vite][22m[39m [31m[2m(client)[22m[39m Pre-transform error: Transform failed with 1 error:

[31m[PARSE_ERROR] [0mUnexpected token
    [38;5;246m╭[0m[38;5;246m─[0m[38;5;246m[[0m src/lib/i18n.tsx:74:1 [38;5;246m][0m
    [38;5;246m│[0m
 [38;5;246m74 │[0m }[38;5;249m [0m[38;5;249ma[0m[38;5;249ms[0m[38;5;249m [0m[38;5;249mc[0m[38;5;249mo[0m[38;5;249mn[0m[38;5;249ms[0m[38;5;249mt[0m[38;5;249m;[0m
 [38;5;240m   │[0m ┬  
 [38;5;240m   │[0m ╰── 
[38;5;246m────╯[0m

  Plugin: [35mvite:oxc[39m
  File: [36mE:/AI/Antigravity/SalaKhmer/src/lib/i18n.tsx[39m
[2m6:03:21 AM[22m [31m[1m[vite][22m[39m [31m[2m(client)[22m[39m Pre-transform error: Transform failed with 1 error:

[31m[PARSE_ERROR] [0mUnexpected token
    [38;5;246m╭[0m[38;5;246m─[0m[38;5;246m[[0m src/lib/i18n.tsx:74:1 [38;5;246m][0m
    [38;5;246m│[0m
 [38;5;246m74 │[0m }[38;5;249m [0m[38;5;249ma[0m[38;5;249ms[0m[38;5;249m [0m[38;5;249mc[0m[38;5;249mo[0m[38;5;249mn[0m[38;5;249ms[0m[38;5;249mt[0m[38;5;249m;[0m
 [38;5;240m   │[0m ┬  
 [38;5;240m   │[0m ╰── 
[38;5;246m────╯[0m

  Plugin: [35mvite:oxc[39m
  File: [36mE:/AI/Antigravity/SalaKhmer/src/lib/i18n.tsx[39m
Error: Transform failed with 1 error:

[31m[PARSE_ERROR] [0mUnexpected token
    [38;5;246m╭[0m[38;5;246m─[0m[38;5;246m[[0m src/lib/i18n.tsx:74:1 [38;5;246m][0m
    [38;5;246m│[0m
 [38;5;246m74 │[0m }[38;5;249m [0m[38;5;249ma[0m[38;5;249ms[0m[38;5;249m [0m[38;5;249mc[0m[38;5;249mo[0m[38;5;249mn[0m[38;5;249ms[0m[38;5;249mt[0m[38;5;249m;[0m
 [38;5;240m   │[0m ┬  
 [38;5;240m   │[0m ╰── 
[38;5;246m────╯[0m

    at transformWithOxc (file:///E:/AI/Antigravity/SalaKhmer/node_modules/vite/dist/node/chunks/node.js:4090:19)
    at TransformPluginContext.transform (file:///E:/AI/Antigravity/SalaKhmer/node_modules/vite/dist/node/chunks/node.js:4161:26)
    at EnvironmentPluginContainer.transform (file:///E:/AI/Antigravity/SalaKhmer/node_modules/vite/dist/node/chunks/node.js:30796:51)
    at async loadAndTransform (file:///E:/AI/Antigravity/SalaKhmer/node_modules/vite/dist/node/chunks/node.js:20594:26)
    at async fetchModule (file:///E:/AI/Antigravity/SalaKhmer/node_modules/vite/dist/node/chunks/node.js:34192:15)
    at async handleInvoke (file:///E:/AI/Antigravity/SalaKhmer/node_modules/vite/dist/node/chunks/node.js:26766:21)
    at async EventEmitter.listenerForInvokeHandler (file:///E:/AI/Antigravity/SalaKhmer/node_modules/vite/dist/node/chunks/node.js:26821:13) (status 500)
caused by: Error: Transform failed with 1 error:

[31m[PARSE_ERROR] [0mUnexpected token
    [38;5;246m╭[0m[38;5;246m─[0m[38;5;246m[[0m src/lib/i18n.tsx:74:1 [38;5;246m][0m
    [38;5;246m│[0m
 [38;5;246m74 │[0m }[38;5;249m [0m[38;5;249ma[0m[38;5;249ms[0m[38;5;249m [0m[38;5;249mc[0m[38;5;249mo[0m[38;5;249mn[0m[38;5;249ms[0m[38;5;249mt[0m[38;5;249m;[0m
 [38;5;240m   │[0m ┬  
 [38;5;240m   │[0m ╰── 
[38;5;246m────╯[0m

    at transformWithOxc (file:///E:/AI/Antigravity/SalaKhmer/node_modules/vite/dist/node/chunks/node.js:4090:19)
    at TransformPluginContext.transform (file:///E:/AI/Antigravity/SalaKhmer/node_modules/vite/dist/node/chunks/node.js:4161:26)
    at EnvironmentPluginContainer.transform (file:///E:/AI/Antigravity/SalaKhmer/node_modules/vite/dist/node/chunks/node.js:30796:51)
    at async loadAndTransform (file:///E:/AI/Antigravity/SalaKhmer/node_modules/vite/dist/node/chunks/node.js:20594:26)
    at async fetchModule (file:///E:/AI/Antigravity/SalaKhmer/node_modules/vite/dist/node/chunks/node.js:34192:15)
    at async handleInvoke (file:///E:/AI/Antigravity/SalaKhmer/node_modules/vite/dist/node/chunks/node.js:26766:21)
    at async EventEmitter.listenerForInvokeHandler (file:///E:/AI/Antigravity/SalaKhmer/node_modules/vite/dist/node/chunks/node.js:26821:13)
Error: Transform failed with 1 error:

[31m[PARSE_ERROR] [0mUnexpected token
    [38;5;246m╭[0m[38;5;246m─[0m[38;5;246m[[0m src/lib/i18n.tsx:74:1 [38;5;246m][0m
    [38;5;246m│[0m
 [38;5;246m74 │[0m }[38;5;249m [0m[38;5;249ma[0m[38;5;249ms[0m[38;5;249m [0m[38;5;249mc[0m[38;5;249mo[0m[38;5;249mn[0m[38;5;249ms[0m[38;5;249mt[0m[38;5;249m;[0m
 [38;5;240m   │[0m ┬  
 [38;5;240m   │[0m ╰── 
[38;5;246m────╯[0m

    at transformWithOxc (file:///E:/AI/Antigravity/SalaKhmer/node_modules/vite/dist/node/chunks/node.js:4090:19)
    at TransformPluginContext.transform (file:///E:/AI/Antigravity/SalaKhmer/node_modules/vite/dist/node/chunks/node.js:4161:26)
    at EnvironmentPluginContainer.transform (file:///E:/AI/Antigravity/SalaKhmer/node_modules/vite/dist/node/chunks/node.js:30796:51)
    at async loadAndTransform (file:///E:/AI/Antigravity/SalaKhmer/node_modules/vite/dist/node/chunks/node.js:20594:26)
    at async fetchModule (file:///E:/AI/Antigravity/SalaKhmer/node_modules/vite/dist/node/chunks/node.js:34192:15)
    at async handleInvoke (file:///E:/AI/Antigravity/SalaKhmer/node_modules/vite/dist/node/chunks/node.js:26766:21)
    at async EventEmitter.listenerForInvokeHandler (file:///E:/AI/Antigravity/SalaKhmer/node_modules/vite/dist/node/chunks/node.js:26821:13) (status 500)
caused by: Error: Transform failed with 1 error:

[31m[PARSE_ERROR] [0mUnexpected token
    [38;5;246m╭[0m[38;5;246m─[0m[38;5;246m[[0m src/lib/i18n.tsx:74:1 [38;5;246m][0m
    [38;5;246m│[0m
 [38;5;246m74 │[0m }[38;5;249m [0m[38;5;249ma[0m[38;5;249ms[0m[38;5;249m [0m[38;5;249mc[0m[38;5;249mo[0m[38;5;249mn[0m[38;5;249ms[0m[38;5;249mt[0m[38;5;249m;[0m
 [38;5;240m   │[0m ┬  
 [38;5;240m   │[0m ╰── 
[38;5;246m────╯[0m

    at transformWithOxc (file:///E:/AI/Antigravity/SalaKhmer/node_modules/vite/dist/node/chunks/node.js:4090:19)
    at TransformPluginContext.transform (file:///E:/AI/Antigravity/SalaKhmer/node_modules/vite/dist/node/chunks/node.js:4161:26)
    at EnvironmentPluginContainer.transform (file:///E:/AI/Antigravity/SalaKhmer/node_modules/vite/dist/node/chunks/node.js:30796:51)
    at async loadAndTransform (file:///E:/AI/Antigravity/SalaKhmer/node_modules/vite/dist/node/chunks/node.js:20594:26)
    at async fetchModule (file:///E:/AI/Antigravity/SalaKhmer/node_modules/vite/dist/node/chunks/node.js:34192:15)
    at async handleInvoke (file:///E:/AI/Antigravity/SalaKhmer/node_modules/vite/dist/node/chunks/node.js:26766:21)
    at async EventEmitter.listenerForInvokeHandler (file:///E:/AI/Antigravity/SalaKhmer/node_modules/vite/dist/node/chunks/node.js:26821:13)
[2m6:06:19 AM[22m [31m[1m[vite][22m[39m [31m[2m(client)[22m[39m [2m[console.error] [22mError: useAuth must be used within an AuthProviderComponent
    at useAuth (http://localhost:8081/src/hooks/useAuth.tsx?t=1786403000484:233:9)
    at AuthGate (http://localhost:8081/src/routes/__root.tsx?t=1786403055443:279:24)
    at Object.react_stack_bottom_frame (http://localhost:8081/node_modules/.vite/deps/react-dom_client.js?v=47e52d2d:12864:12)
    at renderWithHooks (http://localhost:8081/node_modules/.vite/deps/react-dom_client.js?v=47e52d2d:4211:19)
    at updateFunctionComponent (http://localhost:8081/node_modules/.vite/deps/react-dom_client.js?v=47e52d2d:5567:16)
    at beginWork (http://localhost:8081/node_modules/.vite/deps/react-dom_client.js?v=47e52d2d:6138:20)
    at runWithFiberInDEV (http://localhost:8081/node_modules/.vite/deps/react-dom_client.js?v=47e52d2d:850:66)
    at performUnitOfWork (http://localhost:8081/node_modules/.vite/deps/react-dom_client.js?v=47e52d2d:8427:92)
    at workLoopSync (http://localhost:8081/node_modules/.vite/deps/react-dom_client.js?v=47e52d2d:8323:37)
    at renderRootSync (http://localhost:8081/node_modules/.vite/deps/react-dom_client.js?v=47e52d2d:8307:6)
[2m6:06:19 AM[22m [31m[1m[vite][22m[39m [31m[2m(client)[22m[39m [2m[console.error] [22mError: useAuth must be used within an AuthProviderComponent
    at useAuth (http://localhost:8081/src/hooks/useAuth.tsx?t=1786403000484:233:9)
    at AuthGate (http://localhost:8081/src/routes/__root.tsx?t=1786403055443:279:24)
    at Object.react_stack_bottom_frame (http://localhost:8081/node_modules/.vite/deps/react-dom_client.js?v=47e52d2d:12864:12)
    at renderWithHooks (http://localhost:8081/node_modules/.vite/deps/react-dom_client.js?v=47e52d2d:4211:19)
    at updateFunctionComponent (http://localhost:8081/node_modules/.vite/deps/react-dom_client.js?v=47e52d2d:5567:16)
    at beginWork (http://localhost:8081/node_modules/.vite/deps/react-dom_client.js?v=47e52d2d:6138:20)
    at runWithFiberInDEV (http://localhost:8081/node_modules/.vite/deps/react-dom_client.js?v=47e52d2d:850:66)
    at performUnitOfWork (http://localhost:8081/node_modules/.vite/deps/react-dom_client.js?v=47e52d2d:8427:92)
    at workLoopSync (http://localhost:8081/node_modules/.vite/deps/react-dom_client.js?v=47e52d2d:8323:37)
    at renderRootSync (http://localhost:8081/node_modules/.vite/deps/react-dom_client.js?v=47e52d2d:8307:6)
[2m6:06:19 AM[22m [31m[1m[vite][22m[39m [31m[2m(client)[22m[39m [2m[console.error] [22mError: useAuth must be used within an AuthProviderComponent
    at useAuth (http://localhost:8081/src/hooks/useAuth.tsx?t=1786403000484:233:9)
    at AuthGate (http://localhost:8081/src/routes/__root.tsx?t=1786403055443:279:24)
    at Object.react_stack_bottom_frame (http://localhost:8081/node_modules/.vite/deps/react-dom_client.js?v=47e52d2d:12864:12)
    at renderWithHooks (http://localhost:8081/node_modules/.vite/deps/react-dom_client.js?v=47e52d2d:4211:19)
    at updateFunctionComponent (http://localhost:8081/node_modules/.vite/deps/react-dom_client.js?v=47e52d2d:5567:16)
    at beginWork (http://localhost:8081/node_modules/.vite/deps/react-dom_client.js?v=47e52d2d:6138:20)
    at runWithFiberInDEV (http://localhost:8081/node_modules/.vite/deps/react-dom_client.js?v=47e52d2d:850:66)
    at performUnitOfWork (http://localhost:8081/node_modules/.vite/deps/react-dom_client.js?v=47e52d2d:8427:92)
    at workLoopSync (http://localhost:8081/node_modules/.vite/deps/react-dom_client.js?v=47e52d2d:8323:37)
    at renderRootSync (http://localhost:8081/node_modules/.vite/deps/react-dom_client.js?v=47e52d2d:8307:6)
[2m6:06:19 AM[22m [31m[1m[vite][22m[39m [31m[2m(client)[22m[39m [2m[console.error] [22mError: useAuth must be used within an AuthProviderComponent
    at useAuth (http://localhost:8081/src/hooks/useAuth.tsx?t=1786403000484:233:9)
    at AuthGate (http://localhost:8081/src/routes/__root.tsx?t=1786403055443:279:24)
    at Object.react_stack_bottom_frame (http://localhost:8081/node_modules/.vite/deps/react-dom_client.js?v=47e52d2d:12864:12)
    at renderWithHooks (http://localhost:8081/node_modules/.vite/deps/react-dom_client.js?v=47e52d2d:4211:19)
    at updateFunctionComponent (http://localhost:8081/node_modules/.vite/deps/react-dom_client.js?v=47e52d2d:5567:16)
    at beginWork (http://localhost:8081/node_modules/.vite/deps/react-dom_client.js?v=47e52d2d:6138:20)
    at runWithFiberInDEV (http://localhost:8081/node_modules/.vite/deps/react-dom_client.js?v=47e52d2d:850:66)
    at performUnitOfWork (http://localhost:8081/node_modules/.vite/deps/react-dom_client.js?v=47e52d2d:8427:92)
    at workLoopSync (http://localhost:8081/node_modules/.vite/deps/react-dom_client.js?v=47e52d2d:8323:37)
    at renderRootSync (http://localhost:8081/node_modules/.vite/deps/react-dom_client.js?v=47e52d2d:8307:6)
[2m6:06:19 AM[22m [31m[1m[vite][22m[39m [31m[2m(client)[22m[39m [2m[console.error] [22mError: useAuth must be used within an AuthProviderComponent
    at useAuth (http://localhost:8081/src/hooks/useAuth.tsx?t=1786403000484:233:9)
    at AuthGate (http://localhost:8081/src/routes/__root.tsx?t=1786403055443:279:24)
    at Object.react_stack_bottom_frame (http://localhost:8081/node_modules/.vite/deps/react-dom_client.js?v=47e52d2d:12864:12)
    at renderWithHooks (http://localhost:8081/node_modules/.vite/deps/react-dom_client.js?v=47e52d2d:4211:19)
    at updateFunctionComponent (http://localhost:8081/node_modules/.vite/deps/react-dom_client.js?v=47e52d2d:5567:16)
    at beginWork (http://localhost:8081/node_modules/.vite/deps/react-dom_client.js?v=47e52d2d:6138:20)
    at runWithFiberInDEV (http://localhost:8081/node_modules/.vite/deps/react-dom_client.js?v=47e52d2d:850:66)
    at performUnitOfWork (http://localhost:8081/node_modules/.vite/deps/react-dom_client.js?v=47e52d2d:8427:92)
    at workLoopSync (http://localhost:8081/node_modules/.vite/deps/react-dom_client.js?v=47e52d2d:8323:37)
    at renderRootSync (http://localhost:8081/node_modules/.vite/deps/react-dom_client.js?v=47e52d2d:8307:6)

The above error occurred in the <AuthGate> component.

React will try to recreate this component tree from scratch using the error boundary you provided, CatchBoundaryImpl.

[2m6:06:19 AM[22m [33m[1m[vite][22m[39m [33m[2m(client)[22m[39m [2m[console.warn] [22mWarning: Error in route match: __root__/
[2m6:06:19 AM[22m [31m[1m[vite][22m[39m [31m[2m(client)[22m[39m [2m[console.error] [22mError: useAuth must be used within an AuthProviderComponent
    at useAuth (http://localhost:8081/src/hooks/useAuth.tsx?t=1786403000484:233:9)
    at AuthGate (http://localhost:8081/src/routes/__root.tsx?t=1786403055443:279:24)
    at Object.react_stack_bottom_frame (http://localhost:8081/node_modules/.vite/deps/react-dom_client.js?v=47e52d2d:12864:12)
    at renderWithHooks (http://localhost:8081/node_modules/.vite/deps/react-dom_client.js?v=47e52d2d:4211:19)
    at updateFunctionComponent (http://localhost:8081/node_modules/.vite/deps/react-dom_client.js?v=47e52d2d:5567:16)
    at beginWork (http://localhost:8081/node_modules/.vite/deps/react-dom_client.js?v=47e52d2d:6138:20)
    at runWithFiberInDEV (http://localhost:8081/node_modules/.vite/deps/react-dom_client.js?v=47e52d2d:850:66)
    at performUnitOfWork (http://localhost:8081/node_modules/.vite/deps/react-dom_client.js?v=47e52d2d:8427:92)
    at workLoopSync (http://localhost:8081/node_modules/.vite/deps/react-dom_client.js?v=47e52d2d:8323:37)
    at renderRootSync (http://localhost:8081/node_modules/.vite/deps/react-dom_client.js?v=47e52d2d:8307:6)
[2m6:06:19 AM[22m [31m[1m[vite][22m[39m [31m[2m(client)[22m[39m [2m[console.error] [22mError: useAuth must be used within an AuthProviderComponent
    at useAuth (http://localhost:8081/src/hooks/useAuth.tsx?t=1786403000484:233:9)
    at AuthGate (http://localhost:8081/src/routes/__root.tsx?t=1786403055443:279:24)
    at Object.react_stack_bottom_frame (http://localhost:8081/node_modules/.vite/deps/react-dom_client.js?v=47e52d2d:12864:12)
    at renderWithHooks (http://localhost:8081/node_modules/.vite/deps/react-dom_client.js?v=47e52d2d:4211:19)
    at updateFunctionComponent (http://localhost:8081/node_modules/.vite/deps/react-dom_client.js?v=47e52d2d:5567:16)
    at beginWork (http://localhost:8081/node_modules/.vite/deps/react-dom_client.js?v=47e52d2d:6138:20)
    at runWithFiberInDEV (http://localhost:8081/node_modules/.vite/deps/react-dom_client.js?v=47e52d2d:850:66)
    at performUnitOfWork (http://localhost:8081/node_modules/.vite/deps/react-dom_client.js?v=47e52d2d:8427:92)
    at workLoopSync (http://localhost:8081/node_modules/.vite/deps/react-dom_client.js?v=47e52d2d:8323:37)
    at renderRootSync (http://localhost:8081/node_modules/.vite/deps/react-dom_client.js?v=47e52d2d:8307:6)
[2m6:06:19 AM[22m [31m[1m[vite][22m[39m [31m[2m(client)[22m[39m [2m[console.error] [22mError: useAuth must be used within an AuthProviderComponent
    at useAuth (http://localhost:8081/src/hooks/useAuth.tsx?t=1786403000484:233:9)
    at AuthGate (http://localhost:8081/src/routes/__root.tsx?t=1786403055443:279:24)
    at Object.react_stack_bottom_frame (http://localhost:8081/node_modules/.vite/deps/react-dom_client.js?v=47e52d2d:12864:12)
    at renderWithHooks (http://localhost:8081/node_modules/.vite/deps/react-dom_client.js?v=47e52d2d:4211:19)
    at updateFunctionComponent (http://localhost:8081/node_modules/.vite/deps/react-dom_client.js?v=47e52d2d:5567:16)
    at beginWork (http://localhost:8081/node_modules/.vite/deps/react-dom_client.js?v=47e52d2d:6138:20)
    at runWithFiberInDEV (http://localhost:8081/node_modules/.vite/deps/react-dom_client.js?v=47e52d2d:850:66)
    at performUnitOfWork (http://localhost:8081/node_modules/.vite/deps/react-dom_client.js?v=47e52d2d:8427:92)
    at workLoopSync (http://localhost:8081/node_modules/.vite/deps/react-dom_client.js?v=47e52d2d:8323:37)
    at renderRootSync (http://localhost:8081/node_modules/.vite/deps/react-dom_client.js?v=47e52d2d:8307:6)
[2m6:06:19 AM[22m [31m[1m[vite][22m[39m [31m[2m(client)[22m[39m [2m[console.error] [22mError: useAuth must be used within an AuthProviderComponent
    at useAuth (http://localhost:8081/src/hooks/useAuth.tsx?t=1786403000484:233:9)
    at AuthGate (http://localhost:8081/src/routes/__root.tsx?t=1786403055443:279:24)
    at Object.react_stack_bottom_frame (http://localhost:8081/node_modules/.vite/deps/react-dom_client.js?v=47e52d2d:12864:12)
    at renderWithHooks (http://localhost:8081/node_modules/.vite/deps/react-dom_client.js?v=47e52d2d:4211:19)
    at updateFunctionComponent (http://localhost:8081/node_modules/.vite/deps/react-dom_client.js?v=47e52d2d:5567:16)
    at beginWork (http://localhost:8081/node_modules/.vite/deps/react-dom_client.js?v=47e52d2d:6138:20)
    at runWithFiberInDEV (http://localhost:8081/node_modules/.vite/deps/react-dom_client.js?v=47e52d2d:850:66)
    at performUnitOfWork (http://localhost:8081/node_modules/.vite/deps/react-dom_client.js?v=47e52d2d:8427:92)
    at workLoopSync (http://localhost:8081/node_modules/.vite/deps/react-dom_client.js?v=47e52d2d:8323:37)
    at renderRootSync (http://localhost:8081/node_modules/.vite/deps/react-dom_client.js?v=47e52d2d:8307:6)
[2m6:06:19 AM[22m [31m[1m[vite][22m[39m [31m[2m(client)[22m[39m [2m[console.error] [22mError: useAuth must be used within an AuthProviderComponent
    at useAuth (http://localhost:8081/src/hooks/useAuth.tsx?t=1786403000484:233:9)
    at AuthGate (http://localhost:8081/src/routes/__root.tsx?t=1786403055443:279:24)
    at Object.react_stack_bottom_frame (http://localhost:8081/node_modules/.vite/deps/react-dom_client.js?v=47e52d2d:12864:12)
    at renderWithHooks (http://localhost:8081/node_modules/.vite/deps/react-dom_client.js?v=47e52d2d:4211:19)
    at updateFunctionComponent (http://localhost:8081/node_modules/.vite/deps/react-dom_client.js?v=47e52d2d:5567:16)
    at beginWork (http://localhost:8081/node_modules/.vite/deps/react-dom_client.js?v=47e52d2d:6138:20)
    at runWithFiberInDEV (http://localhost:8081/node_modules/.vite/deps/react-dom_client.js?v=47e52d2d:850:66)
    at performUnitOfWork (http://localhost:8081/node_modules/.vite/deps/react-dom_client.js?v=47e52d2d:8427:92)
    at workLoopSync (http://localhost:8081/node_modules/.vite/deps/react-dom_client.js?v=47e52d2d:8323:37)
    at renderRootSync (http://localhost:8081/node_modules/.vite/deps/react-dom_client.js?v=47e52d2d:8307:6)

The above error occurred in the <AuthGate> component.

React will try to recreate this component tree from scratch using the error boundary you provided, CatchBoundaryImpl.

[2m6:06:19 AM[22m [33m[1m[vite][22m[39m [33m[2m(client)[22m[39m [2m[console.warn] [22mWarning: Error in route match: __root__/
[2m3:10:07 PM[22m [31m[1m[vite][22m[39m [31m[2m(client)[22m[39m [2m[console.error] [22mFACEBOOK popup error: FirebaseError: Firebase: Error (auth/popup-blocked).
    at createErrorInternal (http://localhost:8081/node_modules/.vite/deps/firebase_auth.js?v=1f0c0f5b:435:35)
    at _assert (http://localhost:8081/node_modules/.vite/deps/firebase_auth.js?v=1f0c0f5b:440:24)
    at _open (http://localhost:8081/node_modules/.vite/deps/firebase_auth.js?v=1f0c0f5b:8700:2)
    at BrowserPopupRedirectResolver._openPopup (http://localhost:8081/node_modules/.vite/deps/firebase_auth.js?v=1f0c0f5b:8812:10)
    at async PopupOperation.onExecution (http://localhost:8081/node_modules/.vite/deps/firebase_auth.js?v=1f0c0f5b:8001:21)
    at async http://localhost:8081/node_modules/.vite/deps/firebase_auth.js?v=1f0c0f5b:7801:5
[2m3:10:07 PM[22m [31m[1m[vite][22m[39m [31m[2m(client)[22m[39m [2m[console.error] [22m🔴 Auth facebook error: FirebaseError: Firebase: Error (auth/popup-blocked).
    at createErrorInternal (http://localhost:8081/node_modules/.vite/deps/firebase_auth.js?v=1f0c0f5b:435:35)
    at _assert (http://localhost:8081/node_modules/.vite/deps/firebase_auth.js?v=1f0c0f5b:440:24)
    at _open (http://localhost:8081/node_modules/.vite/deps/firebase_auth.js?v=1f0c0f5b:8700:2)
    at BrowserPopupRedirectResolver._openPopup (http://localhost:8081/node_modules/.vite/deps/firebase_auth.js?v=1f0c0f5b:8812:10)
    at async PopupOperation.onExecution (http://localhost:8081/node_modules/.vite/deps/firebase_auth.js?v=1f0c0f5b:8001:21)
    at async http://localhost:8081/node_modules/.vite/deps/firebase_auth.js?v=1f0c0f5b:7801:5
[2m4:17:50 PM[22m [31m[1m[vite][22m[39m [31m[2m(client)[22m[39m [2m[console.error] [22m[2026-08-11T09:17:50.783Z]  @firebase/firestore: Firestore (12.17.0): Could not reach Cloud Firestore backend. Backend didn't respond within 10 seconds.
This typically indicates that your device does not have a healthy Internet connection at the moment. The client will operate in offline mode until it is able to successfully connect to the backend.
[2m4:17:50 PM[22m [31m[1m[vite][22m[39m [31m[2m(client)[22m[39m [2m[console.error] [22mFailed to load user profile (Firestore error): FirebaseError: Failed to get document because the client is offline.
[2m4:18:26 PM[22m [33m[1m[vite][22m[39m [33m[2m(client)[22m[39m [2m[console.warn] [22m[2026-08-11T09:18:26.169Z]  @firebase/firestore: Firestore (12.17.0): WebChannelConnection RPC 'Listen' stream 0x7e39ae27 transport errored. Name: undefined Message: undefined
[2m4:27:27 PM[22m [31m[1m[vite][22m[39m [31m[2m(client)[22m[39m [2m[console.error] [22mReviewed native alphabet audio is unavailable: Error: Audio stopped
    at stopKhmerAudio (http://localhost:8081/src/lib/audioService.ts?t=1786404206374:8:23)
    at http://localhost:8081/src/lib/audioService.ts?t=1786404206374:21:3
    at new Promise (<anonymous>)
    at playAudioUrl (http://localhost:8081/src/lib/audioService.ts?t=1786404206374:17:9)
    at playKhmerAudio (http://localhost:8081/src/lib/audioService.ts?t=1786404206374:98:10)
    at handlePlay (http://localhost:8081/src/routes/grid-lesson.$lessonId.tsx?tsr-split=component:88:8)
    at onClick (http://localhost:8081/src/routes/grid-lesson.$lessonId.tsx?tsr-split=component:526:18)
    at executeDispatch (http://localhost:8081/node_modules/.vite/deps/react-dom_client.js?v=47e52d2d:9139:5)
    at runWithFiberInDEV (http://localhost:8081/node_modules/.vite/deps/react-dom_client.js?v=47e52d2d:850:66)
    at processDispatchQueue (http://localhost:8081/node_modules/.vite/deps/react-dom_client.js?v=47e52d2d:9165:27)
[2m4:27:28 PM[22m [31m[1m[vite][22m[39m [31m[2m(client)[22m[39m [2m[console.error] [22mReviewed native alphabet audio is unavailable: Error: Audio stopped
    at stopKhmerAudio (http://localhost:8081/src/lib/audioService.ts?t=1786404206374:8:23)
    at http://localhost:8081/src/lib/audioService.ts?t=1786404206374:21:3
    at new Promise (<anonymous>)
    at playAudioUrl (http://localhost:8081/src/lib/audioService.ts?t=1786404206374:17:9)
    at playKhmerAudio (http://localhost:8081/src/lib/audioService.ts?t=1786404206374:98:10)
    at handlePlay (http://localhost:8081/src/routes/grid-lesson.$lessonId.tsx?tsr-split=component:88:8)
    at onClick (http://localhost:8081/src/routes/grid-lesson.$lessonId.tsx?tsr-split=component:526:18)
    at executeDispatch (http://localhost:8081/node_modules/.vite/deps/react-dom_client.js?v=47e52d2d:9139:5)
    at runWithFiberInDEV (http://localhost:8081/node_modules/.vite/deps/react-dom_client.js?v=47e52d2d:850:66)
    at processDispatchQueue (http://localhost:8081/node_modules/.vite/deps/react-dom_client.js?v=47e52d2d:9165:27)
[2m4:27:29 PM[22m [31m[1m[vite][22m[39m [31m[2m(client)[22m[39m [2m[console.error] [22mReviewed native alphabet audio is unavailable: Error: Audio stopped
    at stopKhmerAudio (http://localhost:8081/src/lib/audioService.ts?t=1786404206374:8:23)
    at http://localhost:8081/src/lib/audioService.ts?t=1786404206374:21:3
    at new Promise (<anonymous>)
    at playAudioUrl (http://localhost:8081/src/lib/audioService.ts?t=1786404206374:17:9)
    at playKhmerAudio (http://localhost:8081/src/lib/audioService.ts?t=1786404206374:98:10)
    at handlePlay (http://localhost:8081/src/routes/grid-lesson.$lessonId.tsx?tsr-split=component:88:8)
    at onClick (http://localhost:8081/src/routes/grid-lesson.$lessonId.tsx?tsr-split=component:526:18)
    at executeDispatch (http://localhost:8081/node_modules/.vite/deps/react-dom_client.js?v=47e52d2d:9139:5)
    at runWithFiberInDEV (http://localhost:8081/node_modules/.vite/deps/react-dom_client.js?v=47e52d2d:850:66)
    at processDispatchQueue (http://localhost:8081/node_modules/.vite/deps/react-dom_client.js?v=47e52d2d:9165:27)
[2m4:27:29 PM[22m [31m[1m[vite][22m[39m [31m[2m(client)[22m[39m [2m[console.error] [22mReviewed native alphabet audio is unavailable: Error: Audio stopped
    at stopKhmerAudio (http://localhost:8081/src/lib/audioService.ts?t=1786404206374:8:23)
    at http://localhost:8081/src/lib/audioService.ts?t=1786404206374:21:3
    at new Promise (<anonymous>)
    at playAudioUrl (http://localhost:8081/src/lib/audioService.ts?t=1786404206374:17:9)
    at playKhmerAudio (http://localhost:8081/src/lib/audioService.ts?t=1786404206374:98:10)
    at handlePlay (http://localhost:8081/src/routes/grid-lesson.$lessonId.tsx?tsr-split=component:88:8)
    at onClick (http://localhost:8081/src/routes/grid-lesson.$lessonId.tsx?tsr-split=component:526:18)
    at executeDispatch (http://localhost:8081/node_modules/.vite/deps/react-dom_client.js?v=47e52d2d:9139:5)
    at runWithFiberInDEV (http://localhost:8081/node_modules/.vite/deps/react-dom_client.js?v=47e52d2d:850:66)
    at processDispatchQueue (http://localhost:8081/node_modules/.vite/deps/react-dom_client.js?v=47e52d2d:9165:27)
[2m4:27:36 PM[22m [31m[1m[vite][22m[39m [31m[2m(client)[22m[39m [2m[console.error] [22mReviewed native alphabet audio is unavailable: Error: Audio stopped
    at stopKhmerAudio (http://localhost:8081/src/lib/audioService.ts?t=1786404206374:8:23)
    at http://localhost:8081/src/lib/audioService.ts?t=1786404206374:21:3
    at new Promise (<anonymous>)
    at playAudioUrl (http://localhost:8081/src/lib/audioService.ts?t=1786404206374:17:9)
    at playKhmerAudio (http://localhost:8081/src/lib/audioService.ts?t=1786404206374:121:10)
    at playWord (http://localhost:8081/src/routes/read-spell.$topicId.tsx?t=1786437393850&tsr-split=component:58:10)
    at onClick (http://localhost:8081/src/routes/read-spell.$topicId.tsx?t=1786437393850&tsr-split=component:250:26)
    at executeDispatch (http://localhost:8081/node_modules/.vite/deps/react-dom_client.js?v=47e52d2d:9139:5)
    at runWithFiberInDEV (http://localhost:8081/node_modules/.vite/deps/react-dom_client.js?v=47e52d2d:850:66)
    at processDispatchQueue (http://localhost:8081/node_modules/.vite/deps/react-dom_client.js?v=47e52d2d:9165:27)
[2m4:27:39 PM[22m [31m[1m[vite][22m[39m [31m[2m(client)[22m[39m [2m[console.error] [22mRead & Spell Azure audio is unavailable: Error: Audio stopped
    at stopKhmerAudio (http://localhost:8081/src/lib/audioService.ts?t=1786404206374:8:23)
    at http://localhost:8081/src/lib/audioService.ts?t=1786404206374:21:3
    at new Promise (<anonymous>)
    at playAudioUrl (http://localhost:8081/src/lib/audioService.ts?t=1786404206374:17:9)
    at playKhmerAudio (http://localhost:8081/src/lib/audioService.ts?t=1786404206374:121:10)
    at playWord (http://localhost:8081/src/routes/read-spell.$topicId.tsx?t=1786437393850&tsr-split=component:58:10)
    at onClick (http://localhost:8081/src/routes/read-spell.$topicId.tsx?t=1786437393850&tsr-split=component:250:26)
    at executeDispatch (http://localhost:8081/node_modules/.vite/deps/react-dom_client.js?v=47e52d2d:9139:5)
    at runWithFiberInDEV (http://localhost:8081/node_modules/.vite/deps/react-dom_client.js?v=47e52d2d:850:66)
    at processDispatchQueue (http://localhost:8081/node_modules/.vite/deps/react-dom_client.js?v=47e52d2d:9165:27)
[2m4:27:41 PM[22m [31m[1m[vite][22m[39m [31m[2m(client)[22m[39m [2m[console.error] [22mRead & Spell Azure audio is unavailable: Error: Unable to play audio: /audio/read-spell-v1/rs-nature-002.mp3
    at audio.onerror (http://localhost:8081/src/lib/audioService.ts?t=1786404206374:37:32)
[2m4:27:42 PM[22m [31m[1m[vite][22m[39m [31m[2m(client)[22m[39m [2m[console.error] [22mRead & Spell Azure audio is unavailable: Error: Unable to play audio: /audio/read-spell-v1/rs-nature-002.mp3
    at audio.onerror (http://localhost:8081/src/lib/audioService.ts?t=1786404206374:37:32)
[2m4:27:46 PM[22m [31m[1m[vite][22m[39m [31m[2m(client)[22m[39m [2m[console.error] [22mRead & Spell Azure audio is unavailable: Error: Unable to play audio: /audio/read-spell-v1/rs-nature-003.mp3
    at audio.onerror (http://localhost:8081/src/lib/audioService.ts?t=1786404206374:37:32)
[2m4:27:46 PM[22m [31m[1m[vite][22m[39m [31m[2m(client)[22m[39m [2m[console.error] [22mRead & Spell Azure audio is unavailable: Error: Unable to play audio: /audio/read-spell-v1/rs-nature-003.mp3
    at audio.onerror (http://localhost:8081/src/lib/audioService.ts?t=1786404206374:37:32)
[2m4:27:46 PM[22m [31m[1m[vite][22m[39m [31m[2m(client)[22m[39m [2m[console.error] [22mRead & Spell Azure audio is unavailable: Error: Unable to play audio: /audio/read-spell-v1/rs-nature-003.mp3
    at audio.onerror (http://localhost:8081/src/lib/audioService.ts?t=1786404206374:37:32)
[2m4:27:47 PM[22m [31m[1m[vite][22m[39m [31m[2m(client)[22m[39m [2m[console.error] [22mRead & Spell Azure audio is unavailable: Error: Unable to play audio: /audio/read-spell-v1/rs-nature-003.mp3
    at audio.onerror (http://localhost:8081/src/lib/audioService.ts?t=1786404206374:37:32)
[2m4:27:49 PM[22m [31m[1m[vite][22m[39m [31m[2m(client)[22m[39m [2m[console.error] [22mRead & Spell Azure audio is unavailable: Error: Unable to play audio: /audio/read-spell-v1/rs-nature-004.mp3
    at audio.onerror (http://localhost:8081/src/lib/audioService.ts?t=1786404206374:37:32)
[2m4:27:49 PM[22m [31m[1m[vite][22m[39m [31m[2m(client)[22m[39m [2m[console.error] [22mRead & Spell Azure audio is unavailable: Error: Unable to play audio: /audio/read-spell-v1/rs-nature-004.mp3
    at audio.onerror (http://localhost:8081/src/lib/audioService.ts?t=1786404206374:37:32)
[2m4:27:51 PM[22m [31m[1m[vite][22m[39m [31m[2m(client)[22m[39m [2m[console.error] [22mRead & Spell Azure audio is unavailable: Error: Unable to play audio: /audio/read-spell-v1/rs-nature-005.mp3
    at audio.onerror (http://localhost:8081/src/lib/audioService.ts?t=1786404206374:37:32)
[2m4:42:33 PM[22m [31m[1m[vite][22m[39m [31m[2m(client)[22m[39m [2m[console.error] [22mRead & Spell Azure audio is unavailable: Error: Unable to play audio: /audio/read-spell-v1/rs-nature-011.mp3
    at audio.onerror (http://localhost:8081/src/lib/audioService.ts?t=1786404206374:37:32)
[2m4:42:34 PM[22m [31m[1m[vite][22m[39m [31m[2m(client)[22m[39m [2m[console.error] [22mRead & Spell Azure audio is unavailable: Error: Unable to play audio: /audio/read-spell-v1/rs-nature-011.mp3
    at audio.onerror (http://localhost:8081/src/lib/audioService.ts?t=1786404206374:37:32)
[2m4:42:35 PM[22m [31m[1m[vite][22m[39m [31m[2m(client)[22m[39m [2m[console.error] [22mRead & Spell Azure audio is unavailable: Error: Unable to play audio: /audio/read-spell-v1/rs-nature-011.mp3
    at audio.onerror (http://localhost:8081/src/lib/audioService.ts?t=1786404206374:37:32)
[2m4:42:40 PM[22m [31m[1m[vite][22m[39m [31m[2m(client)[22m[39m [2m[console.error] [22mRead & Spell Azure audio is unavailable: Error: Unable to play audio: /audio/read-spell-v1/rs-nature-012.mp3
    at audio.onerror (http://localhost:8081/src/lib/audioService.ts?t=1786404206374:37:32)
[2m4:42:40 PM[22m [31m[1m[vite][22m[39m [31m[2m(client)[22m[39m [2m[console.error] [22mRead & Spell Azure audio is unavailable: Error: Unable to play audio: /audio/read-spell-v1/rs-nature-012.mp3
    at audio.onerror (http://localhost:8081/src/lib/audioService.ts?t=1786404206374:37:32)
[2m4:42:40 PM[22m [31m[1m[vite][22m[39m [31m[2m(client)[22m[39m [2m[console.error] [22mRead & Spell Azure audio is unavailable: Error: Unable to play audio: /audio/read-spell-v1/rs-nature-012.mp3
    at audio.onerror (http://localhost:8081/src/lib/audioService.ts?t=1786404206374:37:32)
[2m4:42:40 PM[22m [31m[1m[vite][22m[39m [31m[2m(client)[22m[39m [2m[console.error] [22mRead & Spell Azure audio is unavailable: Error: Unable to play audio: /audio/read-spell-v1/rs-nature-012.mp3
    at audio.onerror (http://localhost:8081/src/lib/audioService.ts?t=1786404206374:37:32)
[2m4:42:43 PM[22m [31m[1m[vite][22m[39m [31m[2m(client)[22m[39m [2m[console.error] [22mRead & Spell Azure audio is unavailable: Error: Unable to play audio: /audio/read-spell-v1/rs-nature-014.mp3
    at audio.onerror (http://localhost:8081/src/lib/audioService.ts?t=1786404206374:37:32)
[2m4:42:43 PM[22m [31m[1m[vite][22m[39m [31m[2m(client)[22m[39m [2m[console.error] [22mRead & Spell Azure audio is unavailable: Error: Unable to play audio: /audio/read-spell-v1/rs-nature-014.mp3
    at audio.onerror (http://localhost:8081/src/lib/audioService.ts?t=1786404206374:37:32)
[2m4:42:43 PM[22m [31m[1m[vite][22m[39m [31m[2m(client)[22m[39m [2m[console.error] [22mRead & Spell Azure audio is unavailable: Error: Unable to play audio: /audio/read-spell-v1/rs-nature-014.mp3
    at audio.onerror (http://localhost:8081/src/lib/audioService.ts?t=1786404206374:37:32)
[2m4:42:43 PM[22m [31m[1m[vite][22m[39m [31m[2m(client)[22m[39m [2m[console.error] [22mRead & Spell Azure audio is unavailable: Error: Unable to play audio: /audio/read-spell-v1/rs-nature-014.mp3
    at audio.onerror (http://localhost:8081/src/lib/audioService.ts?t=1786404206374:37:32)
[2m4:42:44 PM[22m [31m[1m[vite][22m[39m [31m[2m(client)[22m[39m [2m[console.error] [22mRead & Spell Azure audio is unavailable: Error: Unable to play audio: /audio/read-spell-v1/rs-nature-014.mp3
    at audio.onerror (http://localhost:8081/src/lib/audioService.ts?t=1786404206374:37:32)
[2m4:42:44 PM[22m [31m[1m[vite][22m[39m [31m[2m(client)[22m[39m [2m[console.error] [22mRead & Spell Azure audio is unavailable: Error: Unable to play audio: /audio/read-spell-v1/rs-nature-014.mp3
    at audio.onerror (http://localhost:8081/src/lib/audioService.ts?t=1786404206374:37:32)
[2m4:42:44 PM[22m [31m[1m[vite][22m[39m [31m[2m(client)[22m[39m [2m[console.error] [22mRead & Spell Azure audio is unavailable: Error: Unable to play audio: /audio/read-spell-v1/rs-nature-014.mp3
    at audio.onerror (http://localhost:8081/src/lib/audioService.ts?t=1786404206374:37:32)
