[debug] [2026-08-08T11:34:16.340Z] ----------------------------------------------------------------------
[debug] [2026-08-08T11:34:16.345Z] Command:       C:\Program Files\nodejs\node.exe C:\Users\OliverkhangPC\AppData\Local\npm-cache\_npx\7750544ccf494d8b\node_modules\firebase-tools\lib\bin\firebase.js deploy --only firestore:rules --project salakhmer-b1238
[debug] [2026-08-08T11:34:16.345Z] CLI Version:   15.26.0
[debug] [2026-08-08T11:34:16.346Z] Platform:      win32
[debug] [2026-08-08T11:34:16.346Z] Node Version:  v24.19.0
[debug] [2026-08-08T11:34:16.346Z] Detected Agent: codex_cli
[debug] [2026-08-08T11:34:16.347Z] Time:          Sat Aug 08 2026 18:34:16 GMT+0700 (Indochina Time)
[debug] [2026-08-08T11:34:16.347Z] ----------------------------------------------------------------------
[debug] 
[debug] [2026-08-08T11:34:18.205Z] > command requires scopes: ["email","openid","https://www.googleapis.com/auth/cloudplatformprojects.readonly","https://www.googleapis.com/auth/firebase","https://www.googleapis.com/auth/cloud-platform"]
[debug] [2026-08-08T11:34:18.206Z] > authorizing via signed-in user (oliverkhang@gmail.com)
[debug] [2026-08-08T11:34:18.206Z] [iam] checking project salakhmer-b1238 for permissions ["datastore.indexes.create","datastore.indexes.delete","datastore.indexes.list","datastore.indexes.update","firebase.projects.get"]
[debug] [2026-08-08T11:34:18.227Z] Checked if tokens are valid: true, expires at: 1786192438151
[debug] [2026-08-08T11:34:18.227Z] Checked if tokens are valid: true, expires at: 1786192438151
[debug] [2026-08-08T11:34:18.229Z] >>> [apiv2][query] POST https://cloudresourcemanager.googleapis.com/v1/projects/salakhmer-b1238:testIamPermissions [none]
[debug] [2026-08-08T11:34:18.229Z] >>> [apiv2][(partial)header] POST https://cloudresourcemanager.googleapis.com/v1/projects/salakhmer-b1238:testIamPermissions  x-goog-user-project=salakhmer-b1238
[debug] [2026-08-08T11:34:18.230Z] >>> [apiv2][body] POST https://cloudresourcemanager.googleapis.com/v1/projects/salakhmer-b1238:testIamPermissions {"permissions":["datastore.indexes.create","datastore.indexes.delete","datastore.indexes.list","datastore.indexes.update","firebase.projects.get"]}
[debug] [2026-08-08T11:34:19.328Z] <<< [apiv2][status] POST https://cloudresourcemanager.googleapis.com/v1/projects/salakhmer-b1238:testIamPermissions 200
[debug] [2026-08-08T11:34:19.328Z] <<< [apiv2][body] POST https://cloudresourcemanager.googleapis.com/v1/projects/salakhmer-b1238:testIamPermissions {"permissions":["datastore.indexes.create","datastore.indexes.delete","datastore.indexes.list","datastore.indexes.update","firebase.projects.get"]}
[info] 
[info] === Deploying to 'salakhmer-b1238'...
[info] 
[info] i  deploying firestore 
[info] i  firestore: ensuring required API firestore.googleapis.com is enabled... 
[debug] [2026-08-08T11:34:19.334Z] Checked if tokens are valid: true, expires at: 1786192438151
[debug] [2026-08-08T11:34:19.335Z] Checked if tokens are valid: true, expires at: 1786192438151
[debug] [2026-08-08T11:34:19.335Z] >>> [apiv2][query] GET https://serviceusage.googleapis.com/v1/projects/salakhmer-b1238/services/firestore.googleapis.com [none]
[debug] [2026-08-08T11:34:19.335Z] >>> [apiv2][(partial)header] GET https://serviceusage.googleapis.com/v1/projects/salakhmer-b1238/services/firestore.googleapis.com  x-goog-user-project=salakhmer-b1238
[debug] [2026-08-08T11:34:20.896Z] <<< [apiv2][status] GET https://serviceusage.googleapis.com/v1/projects/salakhmer-b1238/services/firestore.googleapis.com 200
[debug] [2026-08-08T11:34:20.896Z] <<< [apiv2][body] GET https://serviceusage.googleapis.com/v1/projects/salakhmer-b1238/services/firestore.googleapis.com [omitted]
[info] +  firestore: required API firestore.googleapis.com is enabled 
[info] i  firestore: ensuring required API firestore.googleapis.com is enabled... 
[debug] [2026-08-08T11:34:20.927Z] Checked if tokens are valid: true, expires at: 1786192438151
[debug] [2026-08-08T11:34:20.928Z] Checked if tokens are valid: true, expires at: 1786192438151
[debug] [2026-08-08T11:34:20.928Z] >>> [apiv2][query] GET https://firestore.googleapis.com/v1/projects/salakhmer-b1238/databases/(default) [none]
[debug] [2026-08-08T11:34:22.266Z] <<< [apiv2][status] GET https://firestore.googleapis.com/v1/projects/salakhmer-b1238/databases/(default) 200
[debug] [2026-08-08T11:34:22.266Z] <<< [apiv2][body] GET https://firestore.googleapis.com/v1/projects/salakhmer-b1238/databases/(default) {"name":"projects/salakhmer-b1238/databases/(default)","uid":"b785d272-b814-433f-ae5c-b8ad1d3b343d","createTime":"2026-08-04T17:10:09.212973Z","updateTime":"2026-08-04T17:10:09.212973Z","locationId":"nam5","type":"FIRESTORE_NATIVE","concurrencyMode":"PESSIMISTIC","versionRetentionPeriod":"3600s","earliestVersionTime":"2026-08-08T10:34:22.829863Z","appEngineIntegrationMode":"DISABLED","keyPrefix":"s","pointInTimeRecoveryEnablement":"POINT_IN_TIME_RECOVERY_DISABLED","deleteProtectionState":"DELETE_PROTECTION_DISABLED","databaseEdition":"STANDARD","freeTier":true,"realtimeUpdatesMode":"REALTIME_UPDATES_MODE_ENABLED","etag":"IIXmroX4kJYDMPCDhYvyi5YD"}
[info] i  cloud.firestore: checking firestore.rules for compilation errors... 
[debug] [2026-08-08T11:34:22.268Z] Checked if tokens are valid: true, expires at: 1786192438151
[debug] [2026-08-08T11:34:22.268Z] Checked if tokens are valid: true, expires at: 1786192438151
[debug] [2026-08-08T11:34:22.268Z] >>> [apiv2][query] POST https://firebaserules.googleapis.com/v1/projects/salakhmer-b1238:test [none]
[debug] [2026-08-08T11:34:22.268Z] >>> [apiv2][body] POST https://firebaserules.googleapis.com/v1/projects/salakhmer-b1238:test [omitted]
[debug] [2026-08-08T11:34:23.736Z] <<< [apiv2][status] POST https://firebaserules.googleapis.com/v1/projects/salakhmer-b1238:test 200
[debug] [2026-08-08T11:34:23.736Z] <<< [apiv2][body] POST https://firebaserules.googleapis.com/v1/projects/salakhmer-b1238:test {}
[info] +  cloud.firestore: rules file firestore.rules compiled successfully 
[debug] [2026-08-08T11:34:23.737Z] Checked if tokens are valid: true, expires at: 1786192438151
[debug] [2026-08-08T11:34:23.737Z] Checked if tokens are valid: true, expires at: 1786192438151
[debug] [2026-08-08T11:34:23.738Z] >>> [apiv2][query] GET https://firebaserules.googleapis.com/v1/projects/salakhmer-b1238/releases pageSize=10&pageToken=
[debug] [2026-08-08T11:34:25.017Z] <<< [apiv2][status] GET https://firebaserules.googleapis.com/v1/projects/salakhmer-b1238/releases 200
[debug] [2026-08-08T11:34:25.017Z] <<< [apiv2][body] GET https://firebaserules.googleapis.com/v1/projects/salakhmer-b1238/releases {"releases":[{"name":"projects/salakhmer-b1238/releases/cloud.firestore","rulesetName":"projects/salakhmer-b1238/rulesets/d89737c7-27bd-4738-969e-4e829249a220","createTime":"2026-08-04T17:10:13.301716Z","updateTime":"2026-08-04T19:22:40.878292Z"}]}
[debug] [2026-08-08T11:34:25.018Z] Checked if tokens are valid: true, expires at: 1786192438151
[debug] [2026-08-08T11:34:25.018Z] Checked if tokens are valid: true, expires at: 1786192438151
[debug] [2026-08-08T11:34:25.018Z] >>> [apiv2][query] GET https://firebaserules.googleapis.com/v1/projects/salakhmer-b1238/rulesets/d89737c7-27bd-4738-969e-4e829249a220 [none]
[debug] [2026-08-08T11:34:26.320Z] <<< [apiv2][status] GET https://firebaserules.googleapis.com/v1/projects/salakhmer-b1238/rulesets/d89737c7-27bd-4738-969e-4e829249a220 200
[debug] [2026-08-08T11:34:26.321Z] <<< [apiv2][body] GET https://firebaserules.googleapis.com/v1/projects/salakhmer-b1238/rulesets/d89737c7-27bd-4738-969e-4e829249a220 [omitted]
[info] i  firestore: uploading rules firestore.rules... 
[debug] [2026-08-08T11:34:26.323Z] Checked if tokens are valid: true, expires at: 1786192438151
[debug] [2026-08-08T11:34:26.323Z] Checked if tokens are valid: true, expires at: 1786192438151
[debug] [2026-08-08T11:34:26.323Z] >>> [apiv2][query] POST https://firebaserules.googleapis.com/v1/projects/salakhmer-b1238/rulesets [none]
[debug] [2026-08-08T11:34:26.323Z] >>> [apiv2][body] POST https://firebaserules.googleapis.com/v1/projects/salakhmer-b1238/rulesets [omitted]
[debug] [2026-08-08T11:34:26.724Z] <<< [apiv2][status] POST https://firebaserules.googleapis.com/v1/projects/salakhmer-b1238/rulesets 200
[debug] [2026-08-08T11:34:26.724Z] <<< [apiv2][body] POST https://firebaserules.googleapis.com/v1/projects/salakhmer-b1238/rulesets {"name":"projects/salakhmer-b1238/rulesets/29f6729e-2640-49f2-b585-7903ad3ccf8b","source":{"files":[{"content":"rules_version = '2';\nservice cloud.firestore {\n  match /databases/{database}/documents {\n    match /users/{userId} {\n      allow read, write: if request.auth != null && request.auth.uid == userId;\n      match /progress/{lessonId} {\n        allow read, write: if request.auth != null && request.auth.uid == userId;\n      }\n      match /reviewQueue/{reviewId} {\n        allow read, write: if request.auth != null && request.auth.uid == userId;\n      }\n    }\n  }\n}\n","name":"firestore.rules"}]},"createTime":"2026-08-08T11:34:27.250591Z","metadata":{"services":["cloud.firestore"]}}
[debug] [2026-08-08T11:34:26.725Z] [rules] created ruleset projects/salakhmer-b1238/rulesets/29f6729e-2640-49f2-b585-7903ad3ccf8b
[debug] [2026-08-08T11:34:26.725Z] [rules] releasing cloud.firestore with ruleset projects/salakhmer-b1238/rulesets/29f6729e-2640-49f2-b585-7903ad3ccf8b
[debug] [2026-08-08T11:34:26.726Z] Checked if tokens are valid: true, expires at: 1786192438151
[debug] [2026-08-08T11:34:26.726Z] Checked if tokens are valid: true, expires at: 1786192438151
[debug] [2026-08-08T11:34:26.726Z] >>> [apiv2][query] PATCH https://firebaserules.googleapis.com/v1/projects/salakhmer-b1238/releases/cloud.firestore [none]
[debug] [2026-08-08T11:34:26.726Z] >>> [apiv2][body] PATCH https://firebaserules.googleapis.com/v1/projects/salakhmer-b1238/releases/cloud.firestore {"release":{"name":"projects/salakhmer-b1238/releases/cloud.firestore","rulesetName":"projects/salakhmer-b1238/rulesets/29f6729e-2640-49f2-b585-7903ad3ccf8b"}}
[debug] [2026-08-08T11:34:27.082Z] <<< [apiv2][status] PATCH https://firebaserules.googleapis.com/v1/projects/salakhmer-b1238/releases/cloud.firestore 200
