timeline=រឹ stages=4
timeline=រឺ stages=4
timeline=លឹ stages=4
timeline=លឺ stages=4
timeline=អិ stages=6
timeline=អី stages=5
timeline=អុ, អ៊ុ stages=5
timeline=អូ, អ៊ូ stages=5
timeline=អូវ stages=5
timeline=អែ stages=5
timeline=អៃ stages=5
timeline=អោ stages=5
timeline=អៅ stages=5
timeline=អា stages=5
timeline=អិ stages=5
timeline=អី stages=6
timeline=អឹ stages=5
timeline=អឺ stages=5
timeline=អុ stages=6
timeline=អូ stages=5
timeline=អួ stages=6
timeline=អើ stages=5
timeline=អឿ stages=6
timeline=អៀ stages=5
timeline=អេ stages=5
timeline=អែ stages=5
timeline=អៃ stages=5
timeline=អោ stages=5
timeline=អៅ stages=5
timeline=អុំ stages=7
timeline=អំ stages=2
timeline=អាំ stages=6
timeline=អះ stages=5
timeline=អុះ stages=6
timeline=អេះ stages=6
timeline=អោះ stages=6
timeline=អៈ stages=5
timeline=អា stages=6
timeline=ក stages=6
timeline=ខ stages=5
timeline=គ stages=5
timeline=ឃ stages=5
timeline=ង stages=6
timeline=ច stages=6
timeline=ឆ stages=5
timeline=ជ stages=5
timeline=ឈ stages=5
timeline=ញ stages=5
timeline=ដ stages=5
timeline=ឋ stages=5
timeline=ឌ stages=5
timeline=ឍ stages=5
timeline=ណ stages=5
timeline=ត stages=5
timeline=ថ stages=5
timeline=ទ stages=5
timeline=ធ stages=6
timeline=ន stages=6
timeline=ប stages=4
timeline=ផ stages=6
timeline=ព stages=5
timeline=ភ stages=5
timeline=ម stages=5
timeline=យ stages=5
timeline=រ stages=5
timeline=ល stages=5
timeline=វ stages=4
timeline=ស stages=5
timeline=ហ stages=6
timeline=ឡ stages=5
timeline=អ stages=5
Completed 71 local timeline reviews.
