Module expansion audio plan: 150 approved files; 1104 Khmer characters; 0 unreviewed items excluded.
1/150 created: module-2-expansion-v1-004a1817c324091f
2/150 created: module-2-expansion-v1-04f498b907ce3a42
3/150 created: module-2-expansion-v1-055fa08f80f1e6f1
4/150 created: module-2-expansion-v1-077f4f372aee2650
5/150 created: module-2-expansion-v1-079c4d01cdcdb3e1
6/150 created: module-2-expansion-v1-084f0fbaa18bba6b
7/150 created: module-2-expansion-v1-0d2ff87f4cf7f96f
8/150 created: module-2-expansion-v1-0e9387999310c9da
9/150 created: module-2-expansion-v1-0eb567839239e8ba
10/150 created: module-2-expansion-v1-0ef189fd9464f6c9
11/150 created: module-2-expansion-v1-0fd47dbfbd259efe
12/150 created: module-2-expansion-v1-0fe11f11426cbfb1
13/150 created: module-2-expansion-v1-12187675ff09cce1
14/150 created: module-2-expansion-v1-142be75b3bc95cd1
15/150 created: module-2-expansion-v1-1721629fa970afe7
16/150 created: module-2-expansion-v1-1956d0c95f64564b
17/150 created: module-2-expansion-v1-1de058426ff314c2
18/150 created: module-2-expansion-v1-1e8945aa6fd11e0b
19/150 created: module-2-expansion-v1-1ef5c6f59d8e79a6
20/150 created: module-2-expansion-v1-1f9e4b3de0626fb8
21/150 created: module-2-expansion-v1-2053666d2a7a763f
22/150 created: module-2-expansion-v1-2155ff00aa32006f
23/150 created: module-2-expansion-v1-241af70939f1844b
24/150 created: module-2-expansion-v1-27805191a2956183
25/150 created: module-2-expansion-v1-27e6a1df6a287b6c
26/150 created: module-2-expansion-v1-29ce5bf9dcd75950
27/150 created: module-2-expansion-v1-2c3fe82754b55279
28/150 created: module-2-expansion-v1-2f866aaae0c86a87
29/150 created: module-2-expansion-v1-32f02268e153b312
30/150 created: module-2-expansion-v1-33324dc381a46801
31/150 created: module-2-expansion-v1-34d39c3991d9c2ae
32/150 created: module-2-expansion-v1-3559f2d43db3dcd8
33/150 created: module-2-expansion-v1-35a82e269e620ca4
34/150 created: module-2-expansion-v1-36f389ce659742dc
35/150 created: module-2-expansion-v1-38240e0950e992f6
36/150 created: module-2-expansion-v1-3cf5590f3bb3a76c
37/150 created: module-2-expansion-v1-3d18c8a2ae8ac6ab
38/150 created: module-2-expansion-v1-3fb4a704edd7f86e
39/150 created: module-2-expansion-v1-41004282fa8cc62d
40/150 created: module-2-expansion-v1-411e54f30c418dbe
41/150 created: module-2-expansion-v1-4418fa7c130421aa
42/150 created: module-2-expansion-v1-48f72017c0873e11
43/150 created: module-2-expansion-v1-494bf26252a61f3c
44/150 created: module-2-expansion-v1-4a5d6bc5b3a04fc7
45/150 created: module-2-expansion-v1-4bd68fa9290f22da
46/150 created: module-2-expansion-v1-4d76bd7a8cd0faa5
47/150 created: module-2-expansion-v1-51203b6d0a76ef97
48/150 created: module-2-expansion-v1-53733c952954736f
49/150 created: module-2-expansion-v1-544e33840864e388
50/150 created: module-2-expansion-v1-558e66a4b024b285
51/150 created: module-2-expansion-v1-57783700f5a702f5
52/150 created: module-2-expansion-v1-588dfecf39e2f6b2
53/150 created: module-2-expansion-v1-58eebecfd3967596
54/150 created: module-2-expansion-v1-5b704a44cf20428b
55/150 created: module-2-expansion-v1-5c0b0429e4078c8b
56/150 created: module-2-expansion-v1-5d6b12591799e87d
57/150 created: module-2-expansion-v1-5da3e7d0de703345
58/150 created: module-2-expansion-v1-6119772cc6ccdd9c
59/150 created: module-2-expansion-v1-6402818739e4dfa4
60/150 created: module-2-expansion-v1-646c8b0c55f37e9f
61/150 created: module-2-expansion-v1-64aa488170aa7b0a
62/150 created: module-2-expansion-v1-659ff0ea12ce62a7
63/150 created: module-2-expansion-v1-65ada6d78130c2e4
64/150 created: module-2-expansion-v1-65c3eebd6f6126db
65/150 created: module-2-expansion-v1-66e243498baa9fa3
66/150 created: module-2-expansion-v1-6b619481723af785
67/150 created: module-2-expansion-v1-6b9c8d4a18854cc0
68/150 created: module-2-expansion-v1-6c087ca5267d3080
69/150 created: module-2-expansion-v1-6cf4a097eb73d65f
70/150 created: module-2-expansion-v1-6f393a56e998a043
71/150 created: module-2-expansion-v1-703ab000c3f453a5
72/150 created: module-2-expansion-v1-729bdade7a6b8203
73/150 created: module-2-expansion-v1-7894d189db72a576
74/150 created: module-2-expansion-v1-78d3e5bd76ff6e12
75/150 created: module-2-expansion-v1-79d368f93fe6bbe6
76/150 created: module-2-expansion-v1-79e15428632dae72
77/150 created: module-2-expansion-v1-7ba7398e442f2198
78/150 created: module-2-expansion-v1-7c0cdd225f7d5b75
79/150 created: module-2-expansion-v1-7cef40cec400206a
80/150 created: module-2-expansion-v1-7e32fd318e246bdd
81/150 created: module-2-expansion-v1-81fc4363f91062b8
82/150 created: module-2-expansion-v1-83f061708cbb5f2f
83/150 created: module-2-expansion-v1-88bc2fc854b67c02
84/150 created: module-2-expansion-v1-89c9009233d34379
85/150 created: module-2-expansion-v1-8b61f136563a88b6
86/150 created: module-2-expansion-v1-8d511f1a00d8a0d1
87/150 created: module-2-expansion-v1-8d7c3407bddd7d33
88/150 created: module-2-expansion-v1-8daffa4ee0f18a0b
89/150 created: module-2-expansion-v1-8e100de04449394f
90/150 created: module-2-expansion-v1-8ef628f1ce55851e
91/150 created: module-2-expansion-v1-8fddbfb0df3045ff
92/150 created: module-2-expansion-v1-905fa3653722fe20
93/150 created: module-2-expansion-v1-919d0b3f51f3a4b3
94/150 created: module-2-expansion-v1-92dc96539b3af92e
95/150 created: module-2-expansion-v1-9469bd05ab9d99b5
96/150 created: module-2-expansion-v1-959cebb5f3ee6076
97/150 created: module-2-expansion-v1-998343e485a764d7
98/150 created: module-2-expansion-v1-9a809699c86767a1
99/150 created: module-2-expansion-v1-9c37ca495d920551
100/150 created: module-2-expansion-v1-9f8c401629519c7c
101/150 created: module-2-expansion-v1-a0b399170a7520f6
102/150 created: module-2-expansion-v1-a0e4918bafd4cc17
103/150 created: module-2-expansion-v1-a371b95b4e060bb8
104/150 created: module-2-expansion-v1-a3c3e99486df99d4
105/150 created: module-2-expansion-v1-a43faa7c17def6f2
106/150 created: module-2-expansion-v1-a4ea01e86182909f
107/150 created: module-2-expansion-v1-a521ed9fdf4cbb0a
108/150 created: module-2-expansion-v1-a5c7837a7eb055cd
109/150 created: module-2-expansion-v1-a95ede13281ef5f0
110/150 created: module-2-expansion-v1-ab1dee1ba773eb43
111/150 created: module-2-expansion-v1-acbde1fbfeac7b69
112/150 created: module-2-expansion-v1-b064eee136bb830b
113/150 created: module-2-expansion-v1-b24159781cda1ae9
114/150 created: module-2-expansion-v1-b41b4531d0c9437d
115/150 created: module-2-expansion-v1-b44a8ac8b71f3543
116/150 created: module-2-expansion-v1-b53b42e4970a72b6
117/150 created: module-2-expansion-v1-b99b209464944f2f
118/150 created: module-2-expansion-v1-b9bca9fdf99f8144
119/150 created: module-2-expansion-v1-ba71571c0d9b3e3b
120/150 created: module-2-expansion-v1-baf7612ed588905b
121/150 created: module-2-expansion-v1-bf1848cf17a4424f
122/150 created: module-2-expansion-v1-bf825ea038b624f9
123/150 created: module-2-expansion-v1-c0e5f53fa0579d3c
124/150 created: module-2-expansion-v1-c2bed94600715aa7
125/150 created: module-2-expansion-v1-c3520cab6f757b04
126/150 created: module-2-expansion-v1-c4b2f3f9993eb41b
127/150 created: module-2-expansion-v1-c845bab9b0e2b23e
128/150 created: module-2-expansion-v1-cab3c5b58f0e4426
129/150 created: module-2-expansion-v1-d2c616e844c7b3cc
130/150 created: module-2-expansion-v1-d3c5d9659c91c5a0
131/150 created: module-2-expansion-v1-d90c443aedf39002
132/150 created: module-2-expansion-v1-dbb93fbc269d1026
133/150 created: module-2-expansion-v1-dd8574358d093f81
134/150 created: module-2-expansion-v1-de33172c52b1c204
135/150 created: module-2-expansion-v1-e036372cf439240d
136/150 created: module-2-expansion-v1-e1ecb3748b0701d9
137/150 created: module-2-expansion-v1-e32b5f2f0a20fecf
138/150 created: module-2-expansion-v1-e38e1284100f9118
139/150 created: module-2-expansion-v1-e463e8ff59c03cea
140/150 created: module-2-expansion-v1-e4d42294921a2094
141/150 created: module-2-expansion-v1-e5c8914da9cb0d24
142/150 created: module-2-expansion-v1-e5f7899934e40e97
143/150 created: module-2-expansion-v1-ef6a50468dc7f464
144/150 created: module-2-expansion-v1-ef745d050721b4af
145/150 created: module-2-expansion-v1-f395528ae3c96877
146/150 created: module-2-expansion-v1-f8d004cbcf9c8ecb
147/150 created: module-2-expansion-v1-f99772bad77052a8
148/150 created: module-2-expansion-v1-fa293eaea02d9fe1
149/150 created: module-2-expansion-v1-fe37d2d1ab076e3e
150/150 created: module-2-expansion-v1-feeb75f961e3bb5b
Module expansion audio complete locally. No R2 upload was performed.
Module expansion R2 plan: 150 local MP3s; 0 already uploaded; 150 pending.
1/150 uploaded: module-2-expansion-v1-004a1817c324091f
2/150 uploaded: module-2-expansion-v1-04f498b907ce3a42
3/150 uploaded: module-2-expansion-v1-055fa08f80f1e6f1
4/150 uploaded: module-2-expansion-v1-077f4f372aee2650
5/150 uploaded: module-2-expansion-v1-079c4d01cdcdb3e1
6/150 uploaded: module-2-expansion-v1-084f0fbaa18bba6b
7/150 uploaded: module-2-expansion-v1-0d2ff87f4cf7f96f
8/150 uploaded: module-2-expansion-v1-0e9387999310c9da
9/150 uploaded: module-2-expansion-v1-0eb567839239e8ba
10/150 uploaded: module-2-expansion-v1-0ef189fd9464f6c9
11/150 uploaded: module-2-expansion-v1-0fd47dbfbd259efe
12/150 uploaded: module-2-expansion-v1-0fe11f11426cbfb1
13/150 uploaded: module-2-expansion-v1-12187675ff09cce1
14/150 uploaded: module-2-expansion-v1-142be75b3bc95cd1
15/150 uploaded: module-2-expansion-v1-1721629fa970afe7
16/150 uploaded: module-2-expansion-v1-1956d0c95f64564b
17/150 uploaded: module-2-expansion-v1-1de058426ff314c2
18/150 uploaded: module-2-expansion-v1-1e8945aa6fd11e0b
19/150 uploaded: module-2-expansion-v1-1ef5c6f59d8e79a6
20/150 uploaded: module-2-expansion-v1-1f9e4b3de0626fb8
21/150 uploaded: module-2-expansion-v1-2053666d2a7a763f
22/150 uploaded: module-2-expansion-v1-2155ff00aa32006f
23/150 uploaded: module-2-expansion-v1-241af70939f1844b
24/150 uploaded: module-2-expansion-v1-27805191a2956183
25/150 uploaded: module-2-expansion-v1-27e6a1df6a287b6c
26/150 uploaded: module-2-expansion-v1-29ce5bf9dcd75950
27/150 uploaded: module-2-expansion-v1-2c3fe82754b55279
28/150 uploaded: module-2-expansion-v1-2f866aaae0c86a87
29/150 uploaded: module-2-expansion-v1-32f02268e153b312
30/150 uploaded: module-2-expansion-v1-33324dc381a46801
31/150 uploaded: module-2-expansion-v1-34d39c3991d9c2ae
32/150 uploaded: module-2-expansion-v1-3559f2d43db3dcd8
33/150 uploaded: module-2-expansion-v1-35a82e269e620ca4
34/150 uploaded: module-2-expansion-v1-36f389ce659742dc
35/150 uploaded: module-2-expansion-v1-38240e0950e992f6
36/150 uploaded: module-2-expansion-v1-3cf5590f3bb3a76c
37/150 uploaded: module-2-expansion-v1-3d18c8a2ae8ac6ab
38/150 uploaded: module-2-expansion-v1-3fb4a704edd7f86e
39/150 uploaded: module-2-expansion-v1-41004282fa8cc62d
40/150 uploaded: module-2-expansion-v1-411e54f30c418dbe
41/150 uploaded: module-2-expansion-v1-4418fa7c130421aa
42/150 uploaded: module-2-expansion-v1-48f72017c0873e11
43/150 uploaded: module-2-expansion-v1-494bf26252a61f3c
44/150 uploaded: module-2-expansion-v1-4a5d6bc5b3a04fc7
45/150 uploaded: module-2-expansion-v1-4bd68fa9290f22da
46/150 uploaded: module-2-expansion-v1-4d76bd7a8cd0faa5
47/150 uploaded: module-2-expansion-v1-51203b6d0a76ef97
48/150 uploaded: module-2-expansion-v1-53733c952954736f
49/150 uploaded: module-2-expansion-v1-544e33840864e388
50/150 uploaded: module-2-expansion-v1-558e66a4b024b285
51/150 uploaded: module-2-expansion-v1-57783700f5a702f5
52/150 uploaded: module-2-expansion-v1-588dfecf39e2f6b2
53/150 uploaded: module-2-expansion-v1-58eebecfd3967596
54/150 uploaded: module-2-expansion-v1-5b704a44cf20428b
55/150 uploaded: module-2-expansion-v1-5c0b0429e4078c8b
56/150 uploaded: module-2-expansion-v1-5d6b12591799e87d
57/150 uploaded: module-2-expansion-v1-5da3e7d0de703345
58/150 uploaded: module-2-expansion-v1-6119772cc6ccdd9c
59/150 uploaded: module-2-expansion-v1-6402818739e4dfa4
60/150 uploaded: module-2-expansion-v1-646c8b0c55f37e9f
61/150 uploaded: module-2-expansion-v1-64aa488170aa7b0a
62/150 uploaded: module-2-expansion-v1-659ff0ea12ce62a7
63/150 uploaded: module-2-expansion-v1-65ada6d78130c2e4
64/150 uploaded: module-2-expansion-v1-65c3eebd6f6126db
65/150 uploaded: module-2-expansion-v1-66e243498baa9fa3
66/150 uploaded: module-2-expansion-v1-6b619481723af785
67/150 uploaded: module-2-expansion-v1-6b9c8d4a18854cc0
68/150 uploaded: module-2-expansion-v1-6c087ca5267d3080
69/150 uploaded: module-2-expansion-v1-6cf4a097eb73d65f
70/150 uploaded: module-2-expansion-v1-6f393a56e998a043
71/150 uploaded: module-2-expansion-v1-703ab000c3f453a5
72/150 uploaded: module-2-expansion-v1-729bdade7a6b8203
73/150 uploaded: module-2-expansion-v1-7894d189db72a576
74/150 uploaded: module-2-expansion-v1-78d3e5bd76ff6e12
75/150 uploaded: module-2-expansion-v1-79d368f93fe6bbe6
76/150 uploaded: module-2-expansion-v1-79e15428632dae72
77/150 uploaded: module-2-expansion-v1-7ba7398e442f2198
78/150 uploaded: module-2-expansion-v1-7c0cdd225f7d5b75
79/150 uploaded: module-2-expansion-v1-7cef40cec400206a
80/150 uploaded: module-2-expansion-v1-7e32fd318e246bdd
81/150 uploaded: module-2-expansion-v1-81fc4363f91062b8
82/150 uploaded: module-2-expansion-v1-83f061708cbb5f2f
83/150 uploaded: module-2-expansion-v1-88bc2fc854b67c02
84/150 uploaded: module-2-expansion-v1-89c9009233d34379
85/150 uploaded: module-2-expansion-v1-8b61f136563a88b6
86/150 uploaded: module-2-expansion-v1-8d511f1a00d8a0d1
87/150 uploaded: module-2-expansion-v1-8d7c3407bddd7d33
88/150 uploaded: module-2-expansion-v1-8daffa4ee0f18a0b
89/150 uploaded: module-2-expansion-v1-8e100de04449394f
90/150 uploaded: module-2-expansion-v1-8ef628f1ce55851e
91/150 uploaded: module-2-expansion-v1-8fddbfb0df3045ff
92/150 uploaded: module-2-expansion-v1-905fa3653722fe20
93/150 uploaded: module-2-expansion-v1-919d0b3f51f3a4b3
94/150 uploaded: module-2-expansion-v1-92dc96539b3af92e
95/150 uploaded: module-2-expansion-v1-9469bd05ab9d99b5
96/150 uploaded: module-2-expansion-v1-959cebb5f3ee6076
97/150 uploaded: module-2-expansion-v1-998343e485a764d7
98/150 uploaded: module-2-expansion-v1-9a809699c86767a1
99/150 uploaded: module-2-expansion-v1-9c37ca495d920551
100/150 uploaded: module-2-expansion-v1-9f8c401629519c7c
101/150 uploaded: module-2-expansion-v1-a0b399170a7520f6
102/150 uploaded: module-2-expansion-v1-a0e4918bafd4cc17
103/150 uploaded: module-2-expansion-v1-a371b95b4e060bb8
104/150 uploaded: module-2-expansion-v1-a3c3e99486df99d4
105/150 uploaded: module-2-expansion-v1-a43faa7c17def6f2
106/150 uploaded: module-2-expansion-v1-a4ea01e86182909f
107/150 uploaded: module-2-expansion-v1-a521ed9fdf4cbb0a
108/150 uploaded: module-2-expansion-v1-a5c7837a7eb055cd
109/150 uploaded: module-2-expansion-v1-a95ede13281ef5f0
110/150 uploaded: module-2-expansion-v1-ab1dee1ba773eb43
111/150 uploaded: module-2-expansion-v1-acbde1fbfeac7b69
112/150 uploaded: module-2-expansion-v1-b064eee136bb830b
113/150 uploaded: module-2-expansion-v1-b24159781cda1ae9
114/150 uploaded: module-2-expansion-v1-b41b4531d0c9437d
115/150 uploaded: module-2-expansion-v1-b44a8ac8b71f3543
116/150 uploaded: module-2-expansion-v1-b53b42e4970a72b6
117/150 uploaded: module-2-expansion-v1-b99b209464944f2f
118/150 uploaded: module-2-expansion-v1-b9bca9fdf99f8144
119/150 uploaded: module-2-expansion-v1-ba71571c0d9b3e3b
120/150 uploaded: module-2-expansion-v1-baf7612ed588905b
121/150 uploaded: module-2-expansion-v1-bf1848cf17a4424f
122/150 uploaded: module-2-expansion-v1-bf825ea038b624f9
123/150 uploaded: module-2-expansion-v1-c0e5f53fa0579d3c
124/150 uploaded: module-2-expansion-v1-c2bed94600715aa7
125/150 uploaded: module-2-expansion-v1-c3520cab6f757b04
126/150 uploaded: module-2-expansion-v1-c4b2f3f9993eb41b
127/150 uploaded: module-2-expansion-v1-c845bab9b0e2b23e
128/150 uploaded: module-2-expansion-v1-cab3c5b58f0e4426
129/150 uploaded: module-2-expansion-v1-d2c616e844c7b3cc
130/150 uploaded: module-2-expansion-v1-d3c5d9659c91c5a0
131/150 uploaded: module-2-expansion-v1-d90c443aedf39002
132/150 uploaded: module-2-expansion-v1-dbb93fbc269d1026
133/150 uploaded: module-2-expansion-v1-dd8574358d093f81
134/150 uploaded: module-2-expansion-v1-de33172c52b1c204
135/150 uploaded: module-2-expansion-v1-e036372cf439240d
136/150 uploaded: module-2-expansion-v1-e1ecb3748b0701d9
137/150 uploaded: module-2-expansion-v1-e32b5f2f0a20fecf
138/150 uploaded: module-2-expansion-v1-e38e1284100f9118
139/150 uploaded: module-2-expansion-v1-e463e8ff59c03cea
140/150 uploaded: module-2-expansion-v1-e4d42294921a2094
141/150 uploaded: module-2-expansion-v1-e5c8914da9cb0d24
142/150 uploaded: module-2-expansion-v1-e5f7899934e40e97
143/150 uploaded: module-2-expansion-v1-ef6a50468dc7f464
144/150 uploaded: module-2-expansion-v1-ef745d050721b4af
145/150 uploaded: module-2-expansion-v1-f395528ae3c96877
146/150 uploaded: module-2-expansion-v1-f8d004cbcf9c8ecb
147/150 uploaded: module-2-expansion-v1-f99772bad77052a8
148/150 uploaded: module-2-expansion-v1-fa293eaea02d9fe1
149/150 uploaded: module-2-expansion-v1-fe37d2d1ab076e3e
150/150 uploaded: module-2-expansion-v1-feeb75f961e3bb5b
Module expansion R2 upload complete: 150/150.
Module expansion audio plan: 172 approved files; 4455 Khmer characters; 0 unreviewed items excluded.
1/172 created: module-3-expansion-v1-01e89c2d56227ab2
2/172 created: module-3-expansion-v1-021d19cc26cbcabe
3/172 created: module-3-expansion-v1-027186932564688f
4/172 created: module-3-expansion-v1-03147e4b6d073172
5/172 created: module-3-expansion-v1-050204dd21766414
6/172 created: module-3-expansion-v1-07f0f1a29bedcffb
7/172 created: module-3-expansion-v1-099541a4e775fce9
8/172 created: module-3-expansion-v1-0c2f3ede99c3405d
9/172 created: module-3-expansion-v1-0c99333ff86ec38c
10/172 created: module-3-expansion-v1-0cc9918a021170d2
11/172 created: module-3-expansion-v1-0e005904bb5831e7
12/172 created: module-3-expansion-v1-10926f9ea3b57aa5
13/172 created: module-3-expansion-v1-118b153b462f85a9
14/172 created: module-3-expansion-v1-15481b82b9aa1206
15/172 created: module-3-expansion-v1-17ffb067ae2179e9
16/172 created: module-3-expansion-v1-1988dba7140f79c5
17/172 created: module-3-expansion-v1-1a9828cb23f2790b
18/172 created: module-3-expansion-v1-1bfe43bc279e5e42
19/172 created: module-3-expansion-v1-1d988b102dfc10e4
20/172 created: module-3-expansion-v1-22d19f139423d020
21/172 created: module-3-expansion-v1-23ab6b5a8704dde8
22/172 created: module-3-expansion-v1-23c6ba55bd0d18d3
23/172 created: module-3-expansion-v1-23fbec9f7d3cf40e
24/172 created: module-3-expansion-v1-27a4544d8beceb48
25/172 created: module-3-expansion-v1-289b06086934e454
26/172 created: module-3-expansion-v1-29d45c151f1ea86d
27/172 created: module-3-expansion-v1-2b32c4d9599542dd
28/172 created: module-3-expansion-v1-2be934742675a677
29/172 created: module-3-expansion-v1-2c250ceab4678dcf
30/172 created: module-3-expansion-v1-2d9b9292fc129aa6
31/172 created: module-3-expansion-v1-30a71590d79f8218
32/172 created: module-3-expansion-v1-32499b55070be61b
33/172 created: module-3-expansion-v1-32d4637d61c9fc40
34/172 created: module-3-expansion-v1-37a04b10df746138
35/172 created: module-3-expansion-v1-3908c31029f130b7
36/172 created: module-3-expansion-v1-395fdf5e0916a17e
37/172 created: module-3-expansion-v1-3b0e34713d11762f
38/172 created: module-3-expansion-v1-3b9b36e18626328c
39/172 created: module-3-expansion-v1-3d23315a65833e4a
40/172 created: module-3-expansion-v1-3d5b73060ab7e87c
41/172 created: module-3-expansion-v1-3e348ee1d96e5c01
42/172 created: module-3-expansion-v1-3f6327dd49ed5d3c
43/172 created: module-3-expansion-v1-41c8aef915e370f9
44/172 created: module-3-expansion-v1-41cc5b3c69e4db9f
45/172 created: module-3-expansion-v1-4309bd970b9cc17f
46/172 created: module-3-expansion-v1-45bd75ca2a742a84
47/172 created: module-3-expansion-v1-45fbe076429657ea
48/172 created: module-3-expansion-v1-470b5ba59c2b3c6c
49/172 created: module-3-expansion-v1-4d5c1b06191eb02f
50/172 created: module-3-expansion-v1-4f0884ce68c990ac
51/172 created: module-3-expansion-v1-4f21ff1332b09a05
52/172 created: module-3-expansion-v1-4fadc10448719dac
53/172 created: module-3-expansion-v1-503f132664c8c487
54/172 created: module-3-expansion-v1-5080cb4874870ddc
55/172 created: module-3-expansion-v1-549e7a232afcab91
56/172 created: module-3-expansion-v1-584c609eb55b8c99
57/172 created: module-3-expansion-v1-5955059458ecfc48
58/172 created: module-3-expansion-v1-5a278309c9a5b1da
59/172 created: module-3-expansion-v1-5a6630f6e1b86383
60/172 created: module-3-expansion-v1-5a9879f11d02738b
61/172 created: module-3-expansion-v1-5aa9cdb73aaec0a1
62/172 created: module-3-expansion-v1-5ae9e45cbfcbca66
63/172 created: module-3-expansion-v1-60241258a554f56b
64/172 created: module-3-expansion-v1-60b9a99cfe4450f9
65/172 created: module-3-expansion-v1-611ff83d45c01ee3
66/172 created: module-3-expansion-v1-61278dd7fa244bd7
67/172 created: module-3-expansion-v1-6402ae7742bb3e9a
68/172 created: module-3-expansion-v1-645268935d21003d
69/172 created: module-3-expansion-v1-647a9c8ae16db83a
70/172 created: module-3-expansion-v1-65c393362fc2ef63
71/172 created: module-3-expansion-v1-692a61d90462991e
72/172 created: module-3-expansion-v1-6c5f677180b7e575
73/172 created: module-3-expansion-v1-6ce8954beb9c4403
74/172 created: module-3-expansion-v1-6f406f9ec49dbd31
75/172 created: module-3-expansion-v1-6f84853a29a1465c
76/172 created: module-3-expansion-v1-71000484bcbe796c
77/172 created: module-3-expansion-v1-7453f06370f97b8a
78/172 created: module-3-expansion-v1-76970843a046929e
79/172 created: module-3-expansion-v1-769a002b50a472be
80/172 created: module-3-expansion-v1-770a5e9098f8edde
81/172 created: module-3-expansion-v1-786c1dffd7d14f1a
82/172 created: module-3-expansion-v1-78e41caaa45777aa
83/172 created: module-3-expansion-v1-79e0e0230bb1d166
84/172 created: module-3-expansion-v1-79ee94ec088e5ba5
85/172 created: module-3-expansion-v1-7abbdcf88e269617
86/172 created: module-3-expansion-v1-7d9110aa5f891741
87/172 created: module-3-expansion-v1-7ea78f8dff4de29f
88/172 created: module-3-expansion-v1-7fd057eb80df5523
89/172 created: module-3-expansion-v1-80b4b186a1e55567
90/172 created: module-3-expansion-v1-824877cfc93adbbe
91/172 created: module-3-expansion-v1-83b046fa286b0013
92/172 created: module-3-expansion-v1-848f6dc09117daca
93/172 created: module-3-expansion-v1-85834c51d1493c92
94/172 created: module-3-expansion-v1-8c119f504df26ee9
95/172 created: module-3-expansion-v1-8e87b8eeaac30f98
96/172 created: module-3-expansion-v1-8e986a5b90de39e8
97/172 created: module-3-expansion-v1-9113228f6f069c36
98/172 created: module-3-expansion-v1-942c001d9538c6c0
99/172 created: module-3-expansion-v1-97d3c6cee9e6afbd
100/172 created: module-3-expansion-v1-9cb3e0f301020ad0
101/172 created: module-3-expansion-v1-9d1d4f1bed61a90a
102/172 created: module-3-expansion-v1-9dc4f2f89862790b
103/172 created: module-3-expansion-v1-a010243cd78d32bd
104/172 created: module-3-expansion-v1-a0e0ce7b870d0e88
105/172 created: module-3-expansion-v1-a1a895b4c176f6f1
106/172 created: module-3-expansion-v1-a1d7429ecbb8b1fa
107/172 created: module-3-expansion-v1-a1eb8329293b92fa
108/172 created: module-3-expansion-v1-a55256e2fb37780d
109/172 created: module-3-expansion-v1-a6f0d30e0707cca2
110/172 created: module-3-expansion-v1-a6f66c7651500c7d
111/172 created: module-3-expansion-v1-a892e23a890fae7e
112/172 created: module-3-expansion-v1-a9e6bb2f46c83ed8
113/172 created: module-3-expansion-v1-aa4eb53c1e3bf84c
114/172 created: module-3-expansion-v1-aa5689be9caa1270
115/172 created: module-3-expansion-v1-ad3c393924cb9dcb
116/172 created: module-3-expansion-v1-b00daf5ffcec3efd
117/172 created: module-3-expansion-v1-b1ce2df51e2c7db9
118/172 created: module-3-expansion-v1-b1d1d9f29ee2d37d
119/172 created: module-3-expansion-v1-b1d39158742a22bf
120/172 created: module-3-expansion-v1-b3863342084a01a3
121/172 created: module-3-expansion-v1-b4be93552d74ab51
122/172 created: module-3-expansion-v1-b6519dc10e82cf5d
123/172 created: module-3-expansion-v1-b716b7c3e0cd8aa4
124/172 created: module-3-expansion-v1-b81ed411652056d1
125/172 created: module-3-expansion-v1-b905f79d508b4f74
126/172 created: module-3-expansion-v1-ba4a4db33b4af1b7
127/172 created: module-3-expansion-v1-bbde2369a7bea93d
128/172 created: module-3-expansion-v1-be588edd88fbc688
129/172 created: module-3-expansion-v1-c26aa9577a46c5ff
130/172 created: module-3-expansion-v1-c5c6d1aab5eca449
131/172 created: module-3-expansion-v1-c9d660f0c6053c7a
132/172 created: module-3-expansion-v1-cad032ea01461c6e
133/172 created: module-3-expansion-v1-cdcec2ac47e98544
134/172 created: module-3-expansion-v1-d06b102b37877336
135/172 created: module-3-expansion-v1-d0b1daf2928edca0
136/172 created: module-3-expansion-v1-d3eda63d15e6159c
137/172 created: module-3-expansion-v1-d40acff0bea473c9
138/172 created: module-3-expansion-v1-d415f422482c1dd9
139/172 created: module-3-expansion-v1-d468851b5e9815ad
140/172 created: module-3-expansion-v1-d562b03fa07be83b
141/172 created: module-3-expansion-v1-d766f0ee7714e121
142/172 created: module-3-expansion-v1-d78c84105f636249
143/172 created: module-3-expansion-v1-dd6fc715ffcea606
144/172 created: module-3-expansion-v1-de493a1b67a36e93
145/172 created: module-3-expansion-v1-de72bc7d7289ffe1
146/172 created: module-3-expansion-v1-dff45e73944dff18
147/172 created: module-3-expansion-v1-e102c357de601be5
148/172 created: module-3-expansion-v1-e112061d713a91a6
149/172 created: module-3-expansion-v1-e129bfbb248de108
150/172 created: module-3-expansion-v1-e31457274ac4704d
151/172 created: module-3-expansion-v1-e36ed899d9249b92
152/172 created: module-3-expansion-v1-e3f48ffa609a697d
153/172 created: module-3-expansion-v1-e5aa5a099aa02153
154/172 created: module-3-expansion-v1-e5dfd9c1ad291856
155/172 created: module-3-expansion-v1-e74c9033d7513204
156/172 created: module-3-expansion-v1-e7c2fac555e37637
157/172 created: module-3-expansion-v1-e8b573925228ff2b
158/172 created: module-3-expansion-v1-eb96957c1b7335f4
159/172 created: module-3-expansion-v1-ee323a77b3bba08e
160/172 created: module-3-expansion-v1-ee4a65ce7e296bec
161/172 created: module-3-expansion-v1-efd6cc8702a86bcd
162/172 created: module-3-expansion-v1-efea6a8b49c1a02f
163/172 created: module-3-expansion-v1-f05c1a14b884d3d5
164/172 created: module-3-expansion-v1-f080e8e332f8c1ca
165/172 created: module-3-expansion-v1-f0a7a5505bfe6c22
166/172 created: module-3-expansion-v1-f262cce7e9c5a99e
167/172 created: module-3-expansion-v1-f570123796bb624b
168/172 created: module-3-expansion-v1-f57462ee0a580d00
169/172 created: module-3-expansion-v1-f7d13354fcb060db
170/172 created: module-3-expansion-v1-fb95cf90ce08e173
171/172 created: module-3-expansion-v1-fba355e6d959d783
172/172 created: module-3-expansion-v1-fc9c3acc56720611
Module expansion audio complete locally. No R2 upload was performed.
Module expansion R2 plan: 172 local MP3s; 0 already uploaded; 172 pending.
1/172 uploaded: module-3-expansion-v1-01e89c2d56227ab2
2/172 uploaded: module-3-expansion-v1-021d19cc26cbcabe
3/172 uploaded: module-3-expansion-v1-027186932564688f
4/172 uploaded: module-3-expansion-v1-03147e4b6d073172
5/172 uploaded: module-3-expansion-v1-050204dd21766414
6/172 uploaded: module-3-expansion-v1-07f0f1a29bedcffb
7/172 uploaded: module-3-expansion-v1-099541a4e775fce9
8/172 uploaded: module-3-expansion-v1-0c2f3ede99c3405d
9/172 uploaded: module-3-expansion-v1-0c99333ff86ec38c
10/172 uploaded: module-3-expansion-v1-0cc9918a021170d2
11/172 uploaded: module-3-expansion-v1-0e005904bb5831e7
12/172 uploaded: module-3-expansion-v1-10926f9ea3b57aa5
13/172 uploaded: module-3-expansion-v1-118b153b462f85a9
14/172 uploaded: module-3-expansion-v1-15481b82b9aa1206
15/172 uploaded: module-3-expansion-v1-17ffb067ae2179e9
16/172 uploaded: module-3-expansion-v1-1988dba7140f79c5
17/172 uploaded: module-3-expansion-v1-1a9828cb23f2790b
18/172 uploaded: module-3-expansion-v1-1bfe43bc279e5e42
19/172 uploaded: module-3-expansion-v1-1d988b102dfc10e4
20/172 uploaded: module-3-expansion-v1-22d19f139423d020
21/172 uploaded: module-3-expansion-v1-23ab6b5a8704dde8
22/172 uploaded: module-3-expansion-v1-23c6ba55bd0d18d3
23/172 uploaded: module-3-expansion-v1-23fbec9f7d3cf40e
24/172 uploaded: module-3-expansion-v1-27a4544d8beceb48
25/172 uploaded: module-3-expansion-v1-289b06086934e454
26/172 uploaded: module-3-expansion-v1-29d45c151f1ea86d
27/172 uploaded: module-3-expansion-v1-2b32c4d9599542dd
28/172 uploaded: module-3-expansion-v1-2be934742675a677
29/172 uploaded: module-3-expansion-v1-2c250ceab4678dcf
30/172 uploaded: module-3-expansion-v1-2d9b9292fc129aa6
31/172 uploaded: module-3-expansion-v1-30a71590d79f8218
32/172 uploaded: module-3-expansion-v1-32499b55070be61b
33/172 uploaded: module-3-expansion-v1-32d4637d61c9fc40
34/172 uploaded: module-3-expansion-v1-37a04b10df746138
35/172 uploaded: module-3-expansion-v1-3908c31029f130b7
36/172 uploaded: module-3-expansion-v1-395fdf5e0916a17e
37/172 uploaded: module-3-expansion-v1-3b0e34713d11762f
38/172 uploaded: module-3-expansion-v1-3b9b36e18626328c
39/172 uploaded: module-3-expansion-v1-3d23315a65833e4a
40/172 uploaded: module-3-expansion-v1-3d5b73060ab7e87c
41/172 uploaded: module-3-expansion-v1-3e348ee1d96e5c01
42/172 uploaded: module-3-expansion-v1-3f6327dd49ed5d3c
43/172 uploaded: module-3-expansion-v1-41c8aef915e370f9
44/172 uploaded: module-3-expansion-v1-41cc5b3c69e4db9f
45/172 uploaded: module-3-expansion-v1-4309bd970b9cc17f
46/172 uploaded: module-3-expansion-v1-45bd75ca2a742a84
47/172 uploaded: module-3-expansion-v1-45fbe076429657ea
48/172 uploaded: module-3-expansion-v1-470b5ba59c2b3c6c
49/172 uploaded: module-3-expansion-v1-4d5c1b06191eb02f
50/172 uploaded: module-3-expansion-v1-4f0884ce68c990ac
51/172 uploaded: module-3-expansion-v1-4f21ff1332b09a05
52/172 uploaded: module-3-expansion-v1-4fadc10448719dac
53/172 uploaded: module-3-expansion-v1-503f132664c8c487
54/172 uploaded: module-3-expansion-v1-5080cb4874870ddc
55/172 uploaded: module-3-expansion-v1-549e7a232afcab91
56/172 uploaded: module-3-expansion-v1-584c609eb55b8c99
57/172 uploaded: module-3-expansion-v1-5955059458ecfc48
58/172 uploaded: module-3-expansion-v1-5a278309c9a5b1da
59/172 uploaded: module-3-expansion-v1-5a6630f6e1b86383
60/172 uploaded: module-3-expansion-v1-5a9879f11d02738b
61/172 uploaded: module-3-expansion-v1-5aa9cdb73aaec0a1
62/172 uploaded: module-3-expansion-v1-5ae9e45cbfcbca66
63/172 uploaded: module-3-expansion-v1-60241258a554f56b
64/172 uploaded: module-3-expansion-v1-60b9a99cfe4450f9
65/172 uploaded: module-3-expansion-v1-611ff83d45c01ee3
66/172 uploaded: module-3-expansion-v1-61278dd7fa244bd7
67/172 uploaded: module-3-expansion-v1-6402ae7742bb3e9a
68/172 uploaded: module-3-expansion-v1-645268935d21003d
69/172 uploaded: module-3-expansion-v1-647a9c8ae16db83a
70/172 uploaded: module-3-expansion-v1-65c393362fc2ef63
71/172 uploaded: module-3-expansion-v1-692a61d90462991e
72/172 uploaded: module-3-expansion-v1-6c5f677180b7e575
73/172 uploaded: module-3-expansion-v1-6ce8954beb9c4403
74/172 uploaded: module-3-expansion-v1-6f406f9ec49dbd31
75/172 uploaded: module-3-expansion-v1-6f84853a29a1465c
76/172 uploaded: module-3-expansion-v1-71000484bcbe796c
77/172 uploaded: module-3-expansion-v1-7453f06370f97b8a
78/172 uploaded: module-3-expansion-v1-76970843a046929e
79/172 uploaded: module-3-expansion-v1-769a002b50a472be
80/172 uploaded: module-3-expansion-v1-770a5e9098f8edde
81/172 uploaded: module-3-expansion-v1-786c1dffd7d14f1a
82/172 uploaded: module-3-expansion-v1-78e41caaa45777aa
83/172 uploaded: module-3-expansion-v1-79e0e0230bb1d166
84/172 uploaded: module-3-expansion-v1-79ee94ec088e5ba5
85/172 uploaded: module-3-expansion-v1-7abbdcf88e269617
86/172 uploaded: module-3-expansion-v1-7d9110aa5f891741
87/172 uploaded: module-3-expansion-v1-7ea78f8dff4de29f
88/172 uploaded: module-3-expansion-v1-7fd057eb80df5523
89/172 uploaded: module-3-expansion-v1-80b4b186a1e55567
90/172 uploaded: module-3-expansion-v1-824877cfc93adbbe
91/172 uploaded: module-3-expansion-v1-83b046fa286b0013
92/172 uploaded: module-3-expansion-v1-848f6dc09117daca
93/172 uploaded: module-3-expansion-v1-85834c51d1493c92
94/172 uploaded: module-3-expansion-v1-8c119f504df26ee9
95/172 uploaded: module-3-expansion-v1-8e87b8eeaac30f98
96/172 uploaded: module-3-expansion-v1-8e986a5b90de39e8
97/172 uploaded: module-3-expansion-v1-9113228f6f069c36
98/172 uploaded: module-3-expansion-v1-942c001d9538c6c0
99/172 uploaded: module-3-expansion-v1-97d3c6cee9e6afbd
100/172 uploaded: module-3-expansion-v1-9cb3e0f301020ad0
101/172 uploaded: module-3-expansion-v1-9d1d4f1bed61a90a
102/172 uploaded: module-3-expansion-v1-9dc4f2f89862790b
103/172 uploaded: module-3-expansion-v1-a010243cd78d32bd
104/172 uploaded: module-3-expansion-v1-a0e0ce7b870d0e88
105/172 uploaded: module-3-expansion-v1-a1a895b4c176f6f1
106/172 uploaded: module-3-expansion-v1-a1d7429ecbb8b1fa
107/172 uploaded: module-3-expansion-v1-a1eb8329293b92fa
108/172 uploaded: module-3-expansion-v1-a55256e2fb37780d
109/172 uploaded: module-3-expansion-v1-a6f0d30e0707cca2
110/172 uploaded: module-3-expansion-v1-a6f66c7651500c7d
111/172 uploaded: module-3-expansion-v1-a892e23a890fae7e
112/172 uploaded: module-3-expansion-v1-a9e6bb2f46c83ed8
113/172 uploaded: module-3-expansion-v1-aa4eb53c1e3bf84c
114/172 uploaded: module-3-expansion-v1-aa5689be9caa1270
115/172 uploaded: module-3-expansion-v1-ad3c393924cb9dcb
116/172 uploaded: module-3-expansion-v1-b00daf5ffcec3efd
117/172 uploaded: module-3-expansion-v1-b1ce2df51e2c7db9
118/172 uploaded: module-3-expansion-v1-b1d1d9f29ee2d37d
119/172 uploaded: module-3-expansion-v1-b1d39158742a22bf
120/172 uploaded: module-3-expansion-v1-b3863342084a01a3
121/172 uploaded: module-3-expansion-v1-b4be93552d74ab51
122/172 uploaded: module-3-expansion-v1-b6519dc10e82cf5d
123/172 uploaded: module-3-expansion-v1-b716b7c3e0cd8aa4
124/172 uploaded: module-3-expansion-v1-b81ed411652056d1
125/172 uploaded: module-3-expansion-v1-b905f79d508b4f74
126/172 uploaded: module-3-expansion-v1-ba4a4db33b4af1b7
127/172 uploaded: module-3-expansion-v1-bbde2369a7bea93d
128/172 uploaded: module-3-expansion-v1-be588edd88fbc688
129/172 uploaded: module-3-expansion-v1-c26aa9577a46c5ff
130/172 uploaded: module-3-expansion-v1-c5c6d1aab5eca449
131/172 uploaded: module-3-expansion-v1-c9d660f0c6053c7a
132/172 uploaded: module-3-expansion-v1-cad032ea01461c6e
133/172 uploaded: module-3-expansion-v1-cdcec2ac47e98544
134/172 uploaded: module-3-expansion-v1-d06b102b37877336
135/172 uploaded: module-3-expansion-v1-d0b1daf2928edca0
136/172 uploaded: module-3-expansion-v1-d3eda63d15e6159c
137/172 uploaded: module-3-expansion-v1-d40acff0bea473c9
138/172 uploaded: module-3-expansion-v1-d415f422482c1dd9
139/172 uploaded: module-3-expansion-v1-d468851b5e9815ad
140/172 uploaded: module-3-expansion-v1-d562b03fa07be83b
141/172 uploaded: module-3-expansion-v1-d766f0ee7714e121
142/172 uploaded: module-3-expansion-v1-d78c84105f636249
143/172 uploaded: module-3-expansion-v1-dd6fc715ffcea606
144/172 uploaded: module-3-expansion-v1-de493a1b67a36e93
145/172 uploaded: module-3-expansion-v1-de72bc7d7289ffe1
146/172 uploaded: module-3-expansion-v1-dff45e73944dff18
147/172 uploaded: module-3-expansion-v1-e102c357de601be5
148/172 uploaded: module-3-expansion-v1-e112061d713a91a6
149/172 uploaded: module-3-expansion-v1-e129bfbb248de108
150/172 uploaded: module-3-expansion-v1-e31457274ac4704d
151/172 uploaded: module-3-expansion-v1-e36ed899d9249b92
152/172 uploaded: module-3-expansion-v1-e3f48ffa609a697d
153/172 uploaded: module-3-expansion-v1-e5aa5a099aa02153
154/172 uploaded: module-3-expansion-v1-e5dfd9c1ad291856
155/172 uploaded: module-3-expansion-v1-e74c9033d7513204
156/172 uploaded: module-3-expansion-v1-e7c2fac555e37637
157/172 uploaded: module-3-expansion-v1-e8b573925228ff2b
158/172 uploaded: module-3-expansion-v1-eb96957c1b7335f4
159/172 uploaded: module-3-expansion-v1-ee323a77b3bba08e
160/172 uploaded: module-3-expansion-v1-ee4a65ce7e296bec
161/172 uploaded: module-3-expansion-v1-efd6cc8702a86bcd
162/172 uploaded: module-3-expansion-v1-efea6a8b49c1a02f
163/172 uploaded: module-3-expansion-v1-f05c1a14b884d3d5
164/172 uploaded: module-3-expansion-v1-f080e8e332f8c1ca
165/172 uploaded: module-3-expansion-v1-f0a7a5505bfe6c22
166/172 uploaded: module-3-expansion-v1-f262cce7e9c5a99e
167/172 uploaded: module-3-expansion-v1-f570123796bb624b
168/172 uploaded: module-3-expansion-v1-f57462ee0a580d00
169/172 uploaded: module-3-expansion-v1-f7d13354fcb060db
170/172 uploaded: module-3-expansion-v1-fb95cf90ce08e173
171/172 uploaded: module-3-expansion-v1-fba355e6d959d783
172/172 uploaded: module-3-expansion-v1-fc9c3acc56720611
Module expansion R2 upload complete: 172/172.
Module expansion audio plan: 20 approved files; 167 Khmer characters; 0 unreviewed items excluded.
1/20 created: module-4-expansion-v1-118c4def9b7931dd
2/20 created: module-4-expansion-v1-170e7708dcf3c73b
3/20 created: module-4-expansion-v1-17a854a5bb552865
4/20 created: module-4-expansion-v1-19114c6d08a55891
5/20 created: module-4-expansion-v1-2e37e555630589c0
6/20 created: module-4-expansion-v1-35250ef42ca477b5
7/20 created: module-4-expansion-v1-3d72c96ce0ab84fe
8/20 created: module-4-expansion-v1-473eb184d472ee48
9/20 created: module-4-expansion-v1-647d1ca7069acd14
10/20 created: module-4-expansion-v1-6e5a0e7d4a478632
11/20 created: module-4-expansion-v1-7d4c2fc5fea79724
12/20 created: module-4-expansion-v1-7d9b9f782f74c85b
13/20 created: module-4-expansion-v1-986d6e9fe734b901
14/20 created: module-4-expansion-v1-a7dcea9138f66199
15/20 created: module-4-expansion-v1-ab588f5af2b2589c
16/20 created: module-4-expansion-v1-b1cd9c4539e090b5
17/20 created: module-4-expansion-v1-bc2d0955f4c2134e
18/20 created: module-4-expansion-v1-cc23d000e5955aba
19/20 created: module-4-expansion-v1-d8edebfce4edf3ba
20/20 created: module-4-expansion-v1-fb69cbcde96c1a6f
Module expansion audio complete locally. No R2 upload was performed.
Module expansion R2 plan: 20 local MP3s; 0 already uploaded; 20 pending.
1/20 uploaded: module-4-expansion-v1-118c4def9b7931dd
2/20 uploaded: module-4-expansion-v1-170e7708dcf3c73b
3/20 uploaded: module-4-expansion-v1-17a854a5bb552865
4/20 uploaded: module-4-expansion-v1-19114c6d08a55891
5/20 uploaded: module-4-expansion-v1-2e37e555630589c0
6/20 uploaded: module-4-expansion-v1-35250ef42ca477b5
7/20 uploaded: module-4-expansion-v1-3d72c96ce0ab84fe
8/20 uploaded: module-4-expansion-v1-473eb184d472ee48
9/20 uploaded: module-4-expansion-v1-647d1ca7069acd14
10/20 uploaded: module-4-expansion-v1-6e5a0e7d4a478632
11/20 uploaded: module-4-expansion-v1-7d4c2fc5fea79724
12/20 uploaded: module-4-expansion-v1-7d9b9f782f74c85b
13/20 uploaded: module-4-expansion-v1-986d6e9fe734b901
14/20 uploaded: module-4-expansion-v1-a7dcea9138f66199
15/20 uploaded: module-4-expansion-v1-ab588f5af2b2589c
16/20 uploaded: module-4-expansion-v1-b1cd9c4539e090b5
17/20 uploaded: module-4-expansion-v1-bc2d0955f4c2134e
18/20 uploaded: module-4-expansion-v1-cc23d000e5955aba
19/20 uploaded: module-4-expansion-v1-d8edebfce4edf3ba
20/20 uploaded: module-4-expansion-v1-fb69cbcde96c1a6f
Module expansion R2 upload complete: 20/20.
Module expansion audio plan: 15 approved files; 300 Khmer characters; 0 unreviewed items excluded.
1/15 created: module-5-expansion-v1-12b8a4b7d855fd0c
2/15 created: module-5-expansion-v1-1988dba7140f79c5
3/15 created: module-5-expansion-v1-1c60bf303b391c5f
4/15 created: module-5-expansion-v1-3a5034ec5cd0a127
5/15 created: module-5-expansion-v1-3ef670f45baf08fc
6/15 created: module-5-expansion-v1-41f3946a2d138178
7/15 created: module-5-expansion-v1-4807b16f8da9a8c8
8/15 created: module-5-expansion-v1-6d3ec76adc4477d5
9/15 created: module-5-expansion-v1-6f84853a29a1465c
10/15 created: module-5-expansion-v1-7df4169a923ca786
11/15 created: module-5-expansion-v1-915d1714dc512fbb
12/15 created: module-5-expansion-v1-97d3c6cee9e6afbd
13/15 created: module-5-expansion-v1-a010243cd78d32bd
14/15 created: module-5-expansion-v1-ee42c70d52763269
15/15 created: module-5-expansion-v1-f0ddd152082cf6ea
Module expansion audio complete locally. No R2 upload was performed.
Module expansion R2 plan: 15 local MP3s; 0 already uploaded; 15 pending.
1/15 uploaded: module-5-expansion-v1-12b8a4b7d855fd0c
2/15 uploaded: module-5-expansion-v1-1988dba7140f79c5
3/15 uploaded: module-5-expansion-v1-1c60bf303b391c5f
4/15 uploaded: module-5-expansion-v1-3a5034ec5cd0a127
5/15 uploaded: module-5-expansion-v1-3ef670f45baf08fc
6/15 uploaded: module-5-expansion-v1-41f3946a2d138178
7/15 uploaded: module-5-expansion-v1-4807b16f8da9a8c8
8/15 uploaded: module-5-expansion-v1-6d3ec76adc4477d5
9/15 uploaded: module-5-expansion-v1-6f84853a29a1465c
10/15 uploaded: module-5-expansion-v1-7df4169a923ca786
11/15 uploaded: module-5-expansion-v1-915d1714dc512fbb
12/15 uploaded: module-5-expansion-v1-97d3c6cee9e6afbd
13/15 uploaded: module-5-expansion-v1-a010243cd78d32bd
14/15 uploaded: module-5-expansion-v1-ee42c70d52763269
15/15 uploaded: module-5-expansion-v1-f0ddd152082cf6ea
Module expansion R2 upload complete: 15/15.
Module expansion Azure + R2 pipeline complete.
