[1/72] exported dSIXmCc1D0o
[2/72] exported v7tJlEQrzP8
[3/72] exported -Fmk4_N9FwA
[4/72] exported tG7An22CNpo
[5/72] exported WiGx-3jtszI
[6/72] exported h5z0dMnwmTE
[7/72] exported UySiRlCscM4
[8/72] exported vLQ8CIxJmsA
[9/72] exported x9WCQe60Y6E
[10/72] exported sNpvR0Uuc5s
[11/72] exported AjiXyD-V3c8
[12/72] exported 2JduamasQOY
[13/72] exported 00j7IjzStlw
[14/72] exported YY_diXbrD_Q
[15/72] exported 48zP9ZPuIwo
[16/72] exported QDNdmbV9L5k
[17/72] exported wuFXule1s5I
[18/72] exported o5I3tlfu4oU
[19/72] exported YfF9qXohAys
[20/72] exported MRNfNt5YbG8
[21/72] exported vpWIGNxIvWM
[22/72] exported hWkNepbjrgw
[23/72] exported ZW0OuwwmxbA
[24/72] exported jebHyNnfHhk
[25/72] exported k-RWuUUSTGo
[26/72] exported RodoZdbds70
[27/72] exported 7A80F78YFMk
[28/72] exported _vQ4Pwrah4s
[29/72] exported un3VeIKi194
[30/72] exported bNonPYLVcfA
[31/72] exported VOBsaNKvoA4
[32/72] exported wyQn8iitRVw
[33/72] exported CXe3HLcz_P4
[34/72] exported S_HRTB1j-qw
[35/72] exported --Xi1uHtwcY
[36/72] exported gyCGzcJxIBM
[38/72] exported JwJ0GUS1GRM
[39/72] exported yvZfoJyc6Lw
[45/72] exported gEYW6mF0GL8
[46/72] exported QwQGvY-zPxc
[47/72] exported gO0A3ZM4mAg
[48/72] exported gUG9hyLvyiE
[49/72] exported Ybi4fqNkxuA
[50/72] exported o6GqExbA9l8
[51/72] exported Yc_9hvMC-YE
[52/72] exported y6b0sFaS_do
[53/72] exported aK4pQvT-ojM
[54/72] exported j5rCUd5KMGE
[55/72] exported KkS-vUOOklE
[56/72] exported VjG8fm3olTo
[57/72] exported dWLq-0CpfoE
[58/72] exported Jqk9KhAZ-sk
[59/72] exported W-uArp1Shng
[60/72] exported Mv5R6hUNYXM
[61/72] exported jDWu0mOGO9Y
[62/72] exported MhllaRsDKic
[63/72] exported Edc5cmWuNbI
[64/72] exported bVBqvd2g4ME
[65/72] exported 5sdyDJCwlso
[66/72] exported y6CvoGSYMmw
[67/72] exported 2NMnFuip7AE
[68/72] exported frYfq4c4g88
[69/72] exported CbAexmmxLaM
[70/72] exported wEx5wCvZnQ8
[71/72] exported GLBrRw8UGgY
[72/72] exported fB2O1aQUTJM
{"exported": 66, "skipped": 5, "failed": [], "status": "owner-review-required"}
